Component: ARM Compiler 5.06 update 4 (build 422) Tool: armlink [4d35d2]

==============================================================================

Section Cross References

    main.o(i.SystemClock_Config) refers to stm32l4xx_hal_rcc.o(i.HAL_RCC_OscConfig) for HAL_RCC_OscConfig
    main.o(i.SystemClock_Config) refers to stm32l4xx_hal_rcc.o(i.HAL_RCC_ClockConfig) for HAL_RCC_ClockConfig
    main.o(i.TaskFunc1) refers to _printf_percent.o(.ARM.Collect$$_printf_percent$$00000000) for _printf_percent
    main.o(i.TaskFunc1) refers to _printf_d.o(.ARM.Collect$$_printf_percent$$00000009) for _printf_d
    main.o(i.TaskFunc1) refers to _printf_dec.o(.text) for _printf_int_dec
    main.o(i.TaskFunc1) refers to port.o(i.vPortEnterCritical) for vPortEnterCritical
    main.o(i.TaskFunc1) refers to noretval__2printf.o(.text) for __2printf
    main.o(i.TaskFunc1) refers to port.o(i.vPortExitCritical) for vPortExitCritical
    main.o(i.TaskFunc1) refers to tasks.o(i.vTaskDelay) for vTaskDelay
    main.o(i.TaskFunc1) refers to main.o(.data) for cnt
    main.o(i.TaskFunc2) refers to _printf_percent.o(.ARM.Collect$$_printf_percent$$00000000) for _printf_percent
    main.o(i.TaskFunc2) refers to _printf_d.o(.ARM.Collect$$_printf_percent$$00000009) for _printf_d
    main.o(i.TaskFunc2) refers to _printf_dec.o(.text) for _printf_int_dec
    main.o(i.TaskFunc2) refers to port.o(i.vPortEnterCritical) for vPortEnterCritical
    main.o(i.TaskFunc2) refers to noretval__2printf.o(.text) for __2printf
    main.o(i.TaskFunc2) refers to port.o(i.vPortExitCritical) for vPortExitCritical
    main.o(i.TaskFunc2) refers to tasks.o(i.vTaskDelay) for vTaskDelay
    main.o(i.TaskFunc2) refers to main.o(.data) for cnt
    main.o(i.TaskFunc3) refers to _printf_percent.o(.ARM.Collect$$_printf_percent$$00000000) for _printf_percent
    main.o(i.TaskFunc3) refers to _printf_d.o(.ARM.Collect$$_printf_percent$$00000009) for _printf_d
    main.o(i.TaskFunc3) refers to _printf_dec.o(.text) for _printf_int_dec
    main.o(i.TaskFunc3) refers to port.o(i.vPortEnterCritical) for vPortEnterCritical
    main.o(i.TaskFunc3) refers to noretval__2printf.o(.text) for __2printf
    main.o(i.TaskFunc3) refers to port.o(i.vPortExitCritical) for vPortExitCritical
    main.o(i.TaskFunc3) refers to tasks.o(i.vTaskDelay) for vTaskDelay
    main.o(i.TaskFunc3) refers to main.o(.data) for cnt
    main.o(i.main) refers to stm32l4xx_hal.o(i.HAL_Init) for HAL_Init
    main.o(i.main) refers to main.o(i.SystemClock_Config) for SystemClock_Config
    main.o(i.main) refers to usart_1.o(i.usart1_init) for usart1_init
    main.o(i.main) refers to tasks.o(i.xTaskCreate) for xTaskCreate
    main.o(i.main) refers to tasks.o(i.vTaskStartScheduler) for vTaskStartScheduler
    main.o(i.main) refers to main.o(i.TaskFunc1) for TaskFunc1
    main.o(i.main) refers to main.o(i.TaskFunc2) for TaskFunc2
    main.o(i.main) refers to main.o(i.TaskFunc3) for TaskFunc3
    system_stm32l4xx.o(i.SystemCoreClockUpdate) refers to system_stm32l4xx.o(.constdata) for MSIRangeTable
    system_stm32l4xx.o(i.SystemCoreClockUpdate) refers to system_stm32l4xx.o(.data) for SystemCoreClock
    startup_stm32l431xx.o(STACK) refers (Special) to heapauxi.o(.text) for __use_two_region_memory
    startup_stm32l431xx.o(HEAP) refers (Special) to heapauxi.o(.text) for __use_two_region_memory
    startup_stm32l431xx.o(RESET) refers (Special) to heapauxi.o(.text) for __use_two_region_memory
    startup_stm32l431xx.o(RESET) refers to startup_stm32l431xx.o(STACK) for __initial_sp
    startup_stm32l431xx.o(RESET) refers to startup_stm32l431xx.o(.text) for Reset_Handler
    startup_stm32l431xx.o(RESET) refers to stm32l4xx_it.o(i.NMI_Handler) for NMI_Handler
    startup_stm32l431xx.o(RESET) refers to stm32l4xx_it.o(i.HardFault_Handler) for HardFault_Handler
    startup_stm32l431xx.o(RESET) refers to stm32l4xx_it.o(i.MemManage_Handler) for MemManage_Handler
    startup_stm32l431xx.o(RESET) refers to stm32l4xx_it.o(i.BusFault_Handler) for BusFault_Handler
    startup_stm32l431xx.o(RESET) refers to stm32l4xx_it.o(i.UsageFault_Handler) for UsageFault_Handler
    startup_stm32l431xx.o(RESET) refers to port.o(.emb_text) for SVC_Handler
    startup_stm32l431xx.o(RESET) refers to stm32l4xx_it.o(i.DebugMon_Handler) for DebugMon_Handler
    startup_stm32l431xx.o(RESET) refers to port.o(i.SysTick_Handler) for SysTick_Handler
    startup_stm32l431xx.o(RESET) refers to stm32l4xx_hal_timebase_tim_template.o(i.TIM6_DAC_IRQHandler) for TIM6_DAC_IRQHandler
    startup_stm32l431xx.o(.text) refers (Special) to heapauxi.o(.text) for __use_two_region_memory
    startup_stm32l431xx.o(.text) refers to system_stm32l4xx.o(i.SystemInit) for SystemInit
    startup_stm32l431xx.o(.text) refers to __main.o(!!!main) for __main
    startup_stm32l431xx.o(.text) refers to startup_stm32l431xx.o(HEAP) for Heap_Mem
    startup_stm32l431xx.o(.text) refers to startup_stm32l431xx.o(STACK) for Stack_Mem
[...]
    ..\HALLIB\Src\stm32l4xx_hal_dma_ex.c     0x00000000   Number         0  stm32l4xx_hal_dma_ex.o ABSOLUTE
    ..\HALLIB\Src\stm32l4xx_hal_dsi.c        0x00000000   Number         0  stm32l4xx_hal_dsi.o ABSOLUTE
    ..\HALLIB\Src\stm32l4xx_hal_exti.c       0x00000000   Number         0  stm32l4xx_hal_exti.o ABSOLUTE
    ..\HALLIB\Src\stm32l4xx_hal_firewall.c   0x00000000   Number         0  stm32l4xx_hal_firewall.o ABSOLUTE
    ..\HALLIB\Src\stm32l4xx_hal_flash.c      0x00000000   Number         0  stm32l4xx_hal_flash.o ABSOLUTE
    ..\HALLIB\Src\stm32l4xx_hal_flash_ex.c   0x00000000   Number         0  stm32l4xx_hal_flash_ex.o ABSOLUTE
    ..\HALLIB\Src\stm32l4xx_hal_flash_ramfunc.c 0x00000000   Number         0  stm32l4xx_hal_flash_ramfunc.o ABSOLUTE
    ..\HALLIB\Src\stm32l4xx_hal_gfxmmu.c     0x00000000   Number         0  stm32l4xx_hal_gfxmmu.o ABSOLUTE
    ..\HALLIB\Src\stm32l4xx_hal_gpio.c       0x00000000   Number         0  stm32l4xx_hal_gpio.o ABSOLUTE
    ..\HALLIB\Src\stm32l4xx_hal_hash.c       0x00000000   Number         0  stm32l4xx_hal_hash.o ABSOLUTE
    ..\HALLIB\Src\stm32l4xx_hal_hash_ex.c    0x00000000   Number         0  stm32l4xx_hal_hash_ex.o ABSOLUTE
    ..\HALLIB\Src\stm32l4xx_hal_hcd.c        0x00000000   Number         0  stm32l4xx_hal_hcd.o ABSOLUTE
    ..\HALLIB\Src\stm32l4xx_hal_i2c.c        0x00000000   Number         0  stm32l4xx_hal_i2c.o ABSOLUTE
    ..\HALLIB\Src\stm32l4xx_hal_i2c_ex.c     0x00000000   Number         0  stm32l4xx_hal_i2c_ex.o ABSOLUTE
    ..\HALLIB\Src\stm32l4xx_hal_irda.c       0x00000000   Number         0  stm32l4xx_hal_irda.o ABSOLUTE
    ..\HALLIB\Src\stm32l4xx_hal_iwdg.c       0x00000000   Number         0  stm32l4xx_hal_iwdg.o ABSOLUTE
    ..\HALLIB\Src\stm32l4xx_hal_lcd.c        0x00000000   Number         0  stm32l4xx_hal_lcd.o ABSOLUTE
    ..\HALLIB\Src\stm32l4xx_hal_lptim.c      0x00000000   Number         0  stm32l4xx_hal_lptim.o ABSOLUTE
    ..\HALLIB\Src\stm32l4xx_hal_ltdc.c       0x00000000   Number         0  stm32l4xx_hal_ltdc.o ABSOLUTE
    ..\HALLIB\Src\stm32l4xx_hal_ltdc_ex.c    0x00000000   Number         0  stm32l4xx_hal_ltdc_ex.o ABSOLUTE
    ..\HALLIB\Src\stm32l4xx_hal_nand.c       0x00000000   Number         0  stm32l4xx_hal_nand.o ABSOLUTE
    ..\HALLIB\Src\stm32l4xx_hal_nor.c        0x00000000   Number         0  stm32l4xx_hal_nor.o ABSOLUTE
    ..\HALLIB\Src\stm32l4xx_hal_opamp.c      0x00000000   Number         0  stm32l4xx_hal_opamp.o ABSOLUTE
    ..\HALLIB\Src\stm32l4xx_hal_opamp_ex.c   0x00000000   Number         0  stm32l4xx_hal_opamp_ex.o ABSOLUTE
    ..\HALLIB\Src\stm32l4xx_hal_ospi.c       0x00000000   Number         0  stm32l4xx_hal_ospi.o ABSOLUTE
    ..\HALLIB\Src\stm32l4xx_hal_pcd.c        0x00000000   Number         0  stm32l4xx_hal_pcd.o ABSOLUTE
    ..\HALLIB\Src\stm32l4xx_hal_pcd_ex.c     0x00000000   Number         0  stm32l4xx_hal_pcd_ex.o ABSOLUTE
    ..\HALLIB\Src\stm32l4xx_hal_pwr.c        0x00000000   Number         0  stm32l4xx_hal_pwr.o ABSOLUTE
    ..\HALLIB\Src\stm32l4xx_hal_pwr_ex.c     0x00000000   Number         0  stm32l4xx_hal_pwr_ex.o ABSOLUTE
    ..\HALLIB\Src\stm32l4xx_hal_qspi.c       0x00000000   Number         0  stm32l4xx_hal_qspi.o ABSOLUTE
    ..\HALLIB\Src\stm32l4xx_hal_rcc.c        0x00000000   Number         0  stm32l4xx_hal_rcc.o ABSOLUTE
    ..\HALLIB\Src\stm32l4xx_hal_rcc_ex.c     0x00000000   Number         0  stm32l4xx_hal_rcc_ex.o ABSOLUTE
    ..\HALLIB\Src\stm32l4xx_hal_rng.c        0x00000000   Number         0  stm32l4xx_hal_rng.o ABSOLUTE
    ..\HALLIB\Src\stm32l4xx_hal_rtc.c        0x00000000   Number         0  stm32l4xx_hal_rtc.o ABSOLUTE
    ..\HALLIB\Src\stm32l4xx_hal_rtc_ex.c     0x00000000   Number         0  stm32l4xx_hal_rtc_ex.o ABSOLUTE
    ..\HALLIB\Src\stm32l4xx_hal_sai.c        0x00000000   Number         0  stm32l4xx_hal_sai.o ABSOLUTE
    ..\HALLIB\Src\stm32l4xx_hal_sai_ex.c     0x00000000   Number         0  stm32l4xx_hal_sai_ex.o ABSOLUTE
    ..\HALLIB\Src\stm32l4xx_hal_sd.c         0x00000000   Number         0  stm32l4xx_hal_sd.o ABSOLUTE
    ..\HALLIB\Src\stm32l4xx_hal_sd_ex.c      0x00000000   Number         0  stm32l4xx_hal_sd_ex.o ABSOLUTE
    ..\HALLIB\Src\stm32l4xx_hal_smartcard.c  0x00000000   Number         0  stm32l4xx_hal_smartcard.o ABSOLUTE
    ..\HALLIB\Src\stm32l4xx_hal_smartcard_ex.c 0x00000000   Number         0  stm32l4xx_hal_smartcard_ex.o ABSOLUTE
    ..\HALLIB\Src\stm32l4xx_hal_smbus.c      0x00000000   Number         0  stm32l4xx_hal_smbus.o ABSOLUTE
    ..\HALLIB\Src\stm32l4xx_hal_spi.c        0x00000000   Number         0  stm32l4xx_hal_spi.o ABSOLUTE
    ..\HALLIB\Src\stm32l4xx_hal_spi_ex.c     0x00000000   Number         0  stm32l4xx_hal_spi_ex.o ABSOLUTE
    ..\HALLIB\Src\stm32l4xx_hal_sram.c       0x00000000   Number         0  stm32l4xx_hal_sram.o ABSOLUTE
    ..\HALLIB\Src\stm32l4xx_hal_swpmi.c      0x00000000   Number         0  stm32l4xx_hal_swpmi.o ABSOLUTE
    ..\HALLIB\Src\stm32l4xx_hal_tim.c        0x00000000   Number         0  stm32l4xx_hal_tim.o ABSOLUTE
    ..\HALLIB\Src\stm32l4xx_hal_tim_ex.c     0x00000000   Number         0  stm32l4xx_hal_tim_ex.o ABSOLUTE
    ..\HALLIB\Src\stm32l4xx_hal_timebase_tim_template.c 0x00000000   Number         0  stm32l4xx_hal_timebase_tim_template.o ABSOLUTE
    ..\HALLIB\Src\stm32l4xx_hal_tsc.c        0x00000000   Number         0  stm32l4xx_hal_tsc.o ABSOLUTE
    ..\HALLIB\Src\stm32l4xx_hal_uart.c       0x00000000   Number         0  stm32l4xx_hal_uart.o ABSOLUTE
    ..\HALLIB\Src\stm32l4xx_hal_uart_ex.c    0x00000000   Number         0  stm32l4xx_hal_uart_ex.o ABSOLUTE
    ..\HALLIB\Src\stm32l4xx_hal_usart.c      0x00000000   Number         0  stm32l4xx_hal_usart.o ABSOLUTE
    ..\HALLIB\Src\stm32l4xx_hal_usart_ex.c   0x00000000   Number         0  stm32l4xx_hal_usart_ex.o ABSOLUTE
    ..\HALLIB\Src\stm32l4xx_hal_wwdg.c       0x00000000   Number         0  stm32l4xx_hal_wwdg.o ABSOLUTE
    ..\HALLIB\Src\stm32l4xx_ll_adc.c         0x00000000   Number         0  stm32l4xx_ll_adc.o ABSOLUTE
    ..\HALLIB\Src\stm32l4xx_ll_comp.c        0x00000000   Number         0  stm32l4xx_ll_comp.o ABSOLUTE
    ..\HALLIB\Src\stm32l4xx_ll_crc.c         0x00000000   Number         0  stm32l4xx_ll_crc.o ABSOLUTE
    ..\HALLIB\Src\stm32l4xx_ll_crs.c         0x00000000   Number         0  stm32l4xx_ll_crs.o ABSOLUTE
    ..\HALLIB\Src\stm32l4xx_ll_dac.c         0x00000000   Number         0  stm32l4xx_ll_dac.o ABSOLUTE
    ..\HALLIB\Src\stm32l4xx_ll_dma.c         0x00000000   Number         0  stm32l4xx_ll_dma.o ABSOLUTE
    ..\HALLIB\Src\stm32l4xx_ll_dma2d.c       0x00000000   Number         0  stm32l4xx_ll_dma2d.o ABSOLUTE
    ..\HALLIB\Src\stm32l4xx_ll_exti.c        0x00000000   Number         0  stm32l4xx_ll_exti.o ABSOLUTE
    ..\HALLIB\Src\stm32l4xx_ll_fmc.c         0x00000000   Number         0  stm32l4xx_ll_fmc.o ABSOLUTE
    ..\HALLIB\Src\stm32l4xx_ll_gpio.c        0x00000000   Number         0  stm32l4xx_ll_gpio.o ABSOLUTE
    ..\HALLIB\Src\stm32l4xx_ll_i2c.c         0x00000000   Number         0  stm32l4xx_ll_i2c.o ABSOLUTE
    ..\HALLIB\Src\stm32l4xx_ll_lptim.c       0x00000000   Number         0  stm32l4xx_ll_lptim.o ABSOLUTE
    ..\HALLIB\Src\stm32l4xx_ll_lpuart.c      0x00000000   Number         0  stm32l4xx_ll_lpuart.o ABSOLUTE
    ..\HALLIB\Src\stm32l4xx_ll_opamp.c       0x00000000   Number         0  stm32l4xx_ll_opamp.o ABSOLUTE
    ..\HALLIB\Src\stm32l4xx_ll_pwr.c         0x00000000   Number         0  stm32l4xx_ll_pwr.o ABSOLUTE
    ..\HALLIB\Src\stm32l4xx_ll_rcc.c         0x00000000   Number         0  stm32l4xx_ll_rcc.o ABSOLUTE
    ..\HALLIB\Src\stm32l4xx_ll_rng.c         0x00000000   Number         0  stm32l4xx_ll_rng.o ABSOLUTE
    ..\HALLIB\Src\stm32l4xx_ll_rtc.c         0x00000000   Number         0  stm32l4xx_ll_rtc.o ABSOLUTE
    ..\HALLIB\Src\stm32l4xx_ll_sdmmc.c       0x00000000   Number         0  stm32l4xx_ll_sdmmc.o ABSOLUTE
    ..\HALLIB\Src\stm32l4xx_ll_spi.c         0x00000000   Number         0  stm32l4xx_ll_spi.o ABSOLUTE
    ..\HALLIB\Src\stm32l4xx_ll_swpmi.c       0x00000000   Number         0  stm32l4xx_ll_swpmi.o ABSOLUTE
    ..\HALLIB\Src\stm32l4xx_ll_tim.c         0x00000000   Number         0  stm32l4xx_ll_tim.o ABSOLUTE
    ..\HALLIB\Src\stm32l4xx_ll_usart.c       0x00000000   Number         0  stm32l4xx_ll_usart.o ABSOLUTE
    ..\HALLIB\Src\stm32l4xx_ll_usb.c         0x00000000   Number         0  stm32l4xx_ll_usb.o ABSOLUTE
    ..\HALLIB\Src\stm32l4xx_ll_utils.c       0x00000000   Number         0  stm32l4xx_ll_utils.o ABSOLUTE
    ..\\DRIVER\\src\\sleep.c                 0x00000000   Number         0  sleep.o ABSOLUTE
    ..\\DRIVER\\src\\usart.c                 0x00000000   Number         0  usart_1.o ABSOLUTE
    ..\\FreeRtos\\portable\\RVDS\\ARM_CM4F\\port.c 0x00000000   Number         0  port.o ABSOLUTE
    ..\\HALLIB\\Src\\stm32l4xx_hal.c         0x00000000   Number         0  stm32l4xx_hal.o ABSOLUTE
    ..\\HALLIB\\Src\\stm32l4xx_hal_adc.c     0x00000000   Number         0  stm32l4xx_hal_adc.o ABSOLUTE
    ..\\HALLIB\\Src\\stm32l4xx_hal_adc_ex.c  0x00000000   Number         0  stm32l4xx_hal_adc_ex.o ABSOLUTE
    ..\\HALLIB\\Src\\stm32l4xx_hal_can.c     0x00000000   Number         0  stm32l4xx_hal_can.o ABSOLUTE
    ..\\HALLIB\\Src\\stm32l4xx_hal_comp.c    0x00000000   Number         0  stm32l4xx_hal_comp.o ABSOLUTE
    ..\\HALLIB\\Src\\stm32l4xx_hal_cortex.c  0x00000000   Number         0  stm32l4xx_hal_cortex.o ABSOLUTE
    ..\\HALLIB\\Src\\stm32l4xx_hal_crc.c     0x00000000   Number         0  stm32l4xx_hal_crc.o ABSOLUTE
    ..\\HALLIB\\Src\\stm32l4xx_hal_crc_ex.c  0x00000000   Number         0  stm32l4xx_hal_crc_ex.o ABSOLUTE
    ..\\HALLIB\\Src\\stm32l4xx_hal_cryp.c    0x00000000   Number         0  stm32l4xx_hal_cryp.o ABSOLUTE
    ..\\HALLIB\\Src\\stm32l4xx_hal_cryp_ex.c 0x00000000   Number         0  stm32l4xx_hal_cryp_ex.o ABSOLUTE
    ..\\HALLIB\\Src\\stm32l4xx_hal_dac.c     0x00000000   Number         0  stm32l4xx_hal_dac.o ABSOLUTE
    ..\\HALLIB\\Src\\stm32l4xx_hal_dac_ex.c  0x00000000   Number         0  stm32l4xx_hal_dac_ex.o ABSOLUTE
    ..\\HALLIB\\Src\\stm32l4xx_hal_dcmi.c    0x00000000   Number         0  stm32l4xx_hal_dcmi.o ABSOLUTE
    ..\\HALLIB\\Src\\stm32l4xx_hal_dfsdm.c   0x00000000   Number         0  stm32l4xx_hal_dfsdm.o ABSOLUTE
    ..\\HALLIB\\Src\\stm32l4xx_hal_dfsdm_ex.c 0x00000000   Number         0  stm32l4xx_hal_dfsdm_ex.o ABSOLUTE
    ..\\HALLIB\\Src\\stm32l4xx_hal_dma.c     0x00000000   Number         0  stm32l4xx_hal_dma.o ABSOLUTE
    ..\\HALLIB\\Src\\stm32l4xx_hal_dma2d.c   0x00000000   Number         0  stm32l4xx_hal_dma2d.o ABSOLUTE
    ..\\HALLIB\\Src\\stm32l4xx_hal_dma_ex.c  0x00000000   Number         0  stm32l4xx_hal_dma_ex.o ABSOLUTE
    ..\\HALLIB\\Src\\stm32l4xx_hal_dsi.c     0x00000000   Number         0  stm32l4xx_hal_dsi.o ABSOLUTE
    ..\\HALLIB\\Src\\stm32l4xx_hal_exti.c    0x00000000   Number         0  stm32l4xx_hal_exti.o ABSOLUTE
    ..\\HALLIB\\Src\\stm32l4xx_hal_firewall.c 0x00000000   Number         0  stm32l4xx_hal_firewall.o ABSOLUTE
    ..\\HALLIB\\Src\\stm32l4xx_hal_flash.c   0x00000000   Number         0  stm32l4xx_hal_flash.o ABSOLUTE
    ..\\HALLIB\\Src\\stm32l4xx_hal_flash_ex.c 0x00000000   Number         0  stm32l4xx_hal_flash_ex.o ABSOLUTE
    ..\\HALLIB\\Src\\stm32l4xx_hal_flash_ramfunc.c 0x00000000   Number         0  stm32l4xx_hal_flash_ramfunc.o ABSOLUTE
    ..\\HALLIB\\Src\\stm32l4xx_hal_gfxmmu.c  0x00000000   Number         0  stm32l4xx_hal_gfxmmu.o ABSOLUTE
    ..\\HALLIB\\Src\\stm32l4xx_hal_gpio.c    0x00000000   Number         0  stm32l4xx_hal_gpio.o ABSOLUTE
    ..\\HALLIB\\Src\\stm32l4xx_hal_hash.c    0x00000000   Number         0  stm32l4xx_hal_hash.o ABSOLUTE
    ..\\HALLIB\\Src\\stm32l4xx_hal_hash_ex.c 0x00000000   Number         0  stm32l4xx_hal_hash_ex.o ABSOLUTE
    ..\\HALLIB\\Src\\stm32l4xx_hal_hcd.c     0x00000000   Number         0  stm32l4xx_hal_hcd.o ABSOLUTE
    ..\\HALLIB\\Src\\stm32l4xx_hal_i2c.c     0x00000000   Number         0  stm32l4xx_hal_i2c.o ABSOLUTE
    ..\\HALLIB\\Src\\stm32l4xx_hal_i2c_ex.c  0x00000000   Number         0  stm32l4xx_hal_i2c_ex.o ABSOLUTE
    ..\\HALLIB\\Src\\stm32l4xx_hal_irda.c    0x00000000   Number         0  stm32l4xx_hal_irda.o ABSOLUTE
    ..\\HALLIB\\Src\\stm32l4xx_hal_iwdg.c    0x00000000   Number         0  stm32l4xx_hal_iwdg.o ABSOLUTE
    ..\\HALLIB\\Src\\stm32l4xx_hal_lcd.c     0x00000000   Number         0  stm32l4xx_hal_lcd.o ABSOLUTE
    ..\\HALLIB\\Src\\stm32l4xx_hal_lptim.c   0x00000000   Number         0  stm32l4xx_hal_lptim.o ABSOLUTE
    ..\\HALLIB\\Src\\stm32l4xx_hal_ltdc.c    0x00000000   Number         0  stm32l4xx_hal_ltdc.o ABSOLUTE
    ..\\HALLIB\\Src\\stm32l4xx_hal_ltdc_ex.c 0x00000000   Number         0  stm32l4xx_hal_ltdc_ex.o ABSOLUTE
    ..\\HALLIB\\Src\\stm32l4xx_hal_nand.c    0x00000000   Number         0  stm32l4xx_hal_nand.o ABSOLUTE
    ..\\HALLIB\\Src\\stm32l4xx_hal_nor.c     0x00000000   Number         0  stm32l4xx_hal_nor.o ABSOLUTE
    ..\\HALLIB\\Src\\stm32l4xx_hal_opamp.c   0x00000000   Number         0  stm32l4xx_hal_opamp.o ABSOLUTE
    ..\\HALLIB\\Src\\stm32l4xx_hal_opamp_ex.c 0x00000000   Number         0  stm32l4xx_hal_opamp_ex.o ABSOLUTE
    ..\\HALLIB\\Src\\stm32l4xx_hal_ospi.c    0x00000000   Number         0  stm32l4xx_hal_ospi.o ABSOLUTE
    ..\\HALLIB\\Src\\stm32l4xx_hal_pcd.c     0x00000000   Number         0  stm32l4xx_hal_pcd.o ABSOLUTE
    ..\\HALLIB\\Src\\stm32l4xx_hal_pcd_ex.c  0x00000000   Number         0  stm32l4xx_hal_pcd_ex.o ABSOLUTE
    ..\\HALLIB\\Src\\stm32l4xx_hal_pwr.c     0x00000000   Number         0  stm32l4xx_hal_pwr.o ABSOLUTE
    ..\\HALLIB\\Src\\stm32l4xx_hal_pwr_ex.c  0x00000000   Number         0  stm32l4xx_hal_pwr_ex.o ABSOLUTE
    ..\\HALLIB\\Src\\stm32l4xx_hal_qspi.c    0x00000000   Number         0  stm32l4xx_hal_qspi.o ABSOLUTE
    ..\\HALLIB\\Src\\stm32l4xx_hal_rcc.c     0x00000000   Number         0  stm32l4xx_hal_rcc.o ABSOLUTE
    ..\\HALLIB\\Src\\stm32l4xx_hal_rcc_ex.c  0x00000000   Number         0  stm32l4xx_hal_rcc_ex.o ABSOLUTE
    ..\\HALLIB\\Src\\stm32l4xx_hal_rng.c     0x00000000   Number         0  stm32l4xx_hal_rng.o ABSOLUTE
    ..\\HALLIB\\Src\\stm32l4xx_hal_rtc.c     0x00000000   Number         0  stm32l4xx_hal_rtc.o ABSOLUTE
    ..\\HALLIB\\Src\\stm32l4xx_hal_rtc_ex.c  0x00000000   Number         0  stm32l4xx_hal_rtc_ex.o ABSOLUTE
    ..\\HALLIB\\Src\\stm32l4xx_hal_sai.c     0x00000000   Number         0  stm32l4xx_hal_sai.o ABSOLUTE
    ..\\HALLIB\\Src\\stm32l4xx_hal_sai_ex.c  0x00000000   Number         0  stm32l4xx_hal_sai_ex.o ABSOLUTE
    ..\\HALLIB\\Src\\stm32l4xx_hal_sd.c      0x00000000   Number         0  stm32l4xx_hal_sd.o ABSOLUTE
    ..\\HALLIB\\Src\\stm32l4xx_hal_sd_ex.c   0x00000000   Number         0  stm32l4xx_hal_sd_ex.o ABSOLUTE
    ..\\HALLIB\\Src\\stm32l4xx_hal_smartcard.c 0x00000000   Number         0  stm32l4xx_hal_smartcard.o ABSOLUTE
    ..\\HALLIB\\Src\\stm32l4xx_hal_smartcard_ex.c 0x00000000   Number         0  stm32l4xx_hal_smartcard_ex.o ABSOLUTE
    ..\\HALLIB\\Src\\stm32l4xx_hal_smbus.c   0x00000000   Number         0  stm32l4xx_hal_smbus.o ABSOLUTE
    ..\\HALLIB\\Src\\stm32l4xx_hal_spi.c     0x00000000   Number         0  stm32l4xx_hal_spi.o ABSOLUTE
    ..\\HALLIB\\Src\\stm32l4xx_hal_spi_ex.c  0x00000000   Number         0  stm32l4xx_hal_spi_ex.o ABSOLUTE
    ..\\HALLIB\\Src\\stm32l4xx_hal_sram.c    0x00000000   Number         0  stm32l4xx_hal_sram.o ABSOLUTE
    ..\\HALLIB\\Src\\stm32l4xx_hal_swpmi.c   0x00000000   Number         0  stm32l4xx_hal_swpmi.o ABSOLUTE
    ..\\HALLIB\\Src\\stm32l4xx_hal_tim.c     0x00000000   Number         0  stm32l4xx_hal_tim.o ABSOLUTE
    ..\\HALLIB\\Src\\stm32l4xx_hal_tim_ex.c  0x00000000   Number         0  stm32l4xx_hal_tim_ex.o ABSOLUTE
    ..\\HALLIB\\Src\\stm32l4xx_hal_timebase_tim_template.c 0x00000000   Number         0  stm32l4xx_hal_timebase_tim_template.o ABSOLUTE
    ..\\HALLIB\\Src\\stm32l4xx_hal_tsc.c     0x00000000   Number         0  stm32l4xx_hal_tsc.o ABSOLUTE
    ..\\HALLIB\\Src\\stm32l4xx_hal_uart.c    0x00000000   Number         0  stm32l4xx_hal_uart.o ABSOLUTE
    ..\\HALLIB\\Src\\stm32l4xx_hal_uart_ex.c 0x00000000   Number         0  stm32l4xx_hal_uart_ex.o ABSOLUTE
    ..\\HALLIB\\Src\\stm32l4xx_hal_usart.c   0x00000000   Number         0  stm32l4xx_hal_usart.o ABSOLUTE
    ..\\HALLIB\\Src\\stm32l4xx_hal_usart_ex.c 0x00000000   Number         0  stm32l4xx_hal_usart_ex.o ABSOLUTE
    ..\\HALLIB\\Src\\stm32l4xx_hal_wwdg.c    0x00000000   Number         0  stm32l4xx_hal_wwdg.o ABSOLUTE
    ..\\HALLIB\\Src\\stm32l4xx_ll_fmc.c      0x00000000   Number         0  stm32l4xx_ll_fmc.o ABSOLUTE
    ..\\HALLIB\\Src\\stm32l4xx_ll_sdmmc.c    0x00000000   Number         0  stm32l4xx_ll_sdmmc.o ABSOLUTE
    ..\\HALLIB\\Src\\stm32l4xx_ll_usb.c      0x00000000   Number         0  stm32l4xx_ll_usb.o ABSOLUTE
    ..\\HALLIB\\Src\\stm32l4xx_ll_utils.c    0x00000000   Number         0  stm32l4xx_ll_utils.o ABSOLUTE
    dc.s                                     0x00000000   Number         0  dc.o ABSOLUTE
    main.c                                   0x00000000   Number         0  main.o ABSOLUTE
    main.c                                   0x00000000   Number         0  main.o ABSOLUTE
    stm32l4xx_hal_msp.c                      0x00000000   Number         0  stm32l4xx_hal_msp.o ABSOLUTE
    stm32l4xx_hal_msp.c                      0x00000000   Number         0  stm32l4xx_hal_msp.o ABSOLUTE
    stm32l4xx_it.c                           0x00000000   Number         0  stm32l4xx_it.o ABSOLUTE
    stm32l4xx_it.c                           0x00000000   Number         0  stm32l4xx_it.o ABSOLUTE
    system_stm32l4xx.c                       0x00000000   Number         0  system_stm32l4xx.o ABSOLUTE
    system_stm32l4xx.c                       0x00000000   Number         0  system_stm32l4xx.o ABSOLUTE
    RESET                                    0x08000000   Section      396  startup_stm32l431xx.o(RESET)
    !!!main                                  0x0800018c   Section        8  __main.o(!!!main)
    !!!scatter                               0x08000194   Section       52  __scatter.o(!!!scatter)
    !!handler_copy                           0x080001c8   Section       26  __scatter_copy.o(!!handler_copy)
    !!handler_zi                             0x080001e4   Section       28  __scatter_zi.o(!!handler_zi)
    .ARM.Collect$$_printf_percent$$00000000  0x08000200   Section        0  _printf_percent.o(.ARM.Collect$$_printf_percent$$00000000)
    .ARM.Collect$$_printf_percent$$00000009  0x08000200   Section        6  _printf_d.o(.ARM.Collect$$_printf_percent$$00000009)
    .ARM.Collect$$_printf_percent$$00000017  0x08000206   Section        4  _printf_percent_end.o(.ARM.Collect$$_printf_percent$$00000017)
    .ARM.Collect$$libinit$$00000000          0x0800020a   Section        2  libinit.o(.ARM.Collect$$libinit$$00000000)
    .ARM.Collect$$libinit$$00000001          0x0800020c   Section        4  libinit2.o(.ARM.Collect$$libinit$$00000001)
    .ARM.Collect$$libinit$$00000004          0x08000210   Section        0  libinit2.o(.ARM.Collect$$libinit$$00000004)
    .ARM.Collect$$libinit$$0000000A          0x08000210   Section        0  libinit2.o(.ARM.Collect$$libinit$$0000000A)
    .ARM.Collect$$libinit$$0000000C          0x08000210   Section        0  libinit2.o(.ARM.Collect$$libinit$$0000000C)
    .ARM.Collect$$libinit$$0000000E          0x08000210   Section        0  libinit2.o(.ARM.Collect$$libinit$$0000000E)
    .ARM.Collect$$libinit$$00000011          0x08000210   Section        0  libinit2.o(.ARM.Collect$$libinit$$00000011)
    .ARM.Collect$$libinit$$00000013          0x08000210   Section        0  libinit2.o(.ARM.Collect$$libinit$$00000013)
    .ARM.Collect$$libinit$$00000015          0x08000210   Section        0  libinit2.o(.ARM.Collect$$libinit$$00000015)
    .ARM.Collect$$libinit$$00000017          0x08000210   Section        0  libinit2.o(.ARM.Collect$$libinit$$00000017)
    .ARM.Collect$$libinit$$00000019          0x08000210   Section        0  libinit2.o(.ARM.Collect$$libinit$$00000019)
    .ARM.Collect$$libinit$$0000001B          0x08000210   Section        0  libinit2.o(.ARM.Collect$$libinit$$0000001B)
    .ARM.Collect$$libinit$$0000001D          0x08000210   Section        0  libinit2.o(.ARM.Collect$$libinit$$0000001D)
    .ARM.Collect$$libinit$$0000001F          0x08000210   Section        0  libinit2.o(.ARM.Collect$$libinit$$0000001F)
    .ARM.Collect$$libinit$$00000021          0x08000210   Section        0  libinit2.o(.ARM.Collect$$libinit$$00000021)
    .ARM.Collect$$libinit$$00000023          0x08000210   Section        0  libinit2.o(.ARM.Collect$$libinit$$00000023)
    .ARM.Collect$$libinit$$00000025          0x08000210   Section        0  libinit2.o(.ARM.Collect$$libinit$$00000025)
    .ARM.Collect$$libinit$$0000002C          0x08000210   Section        0  libinit2.o(.ARM.Collect$$libinit$$0000002C)
    .ARM.Collect$$libinit$$0000002E          0x08000210   Section        0  libinit2.o(.ARM.Collect$$libinit$$0000002E)
    .ARM.Collect$$libinit$$00000030          0x08000210   Section        0  libinit2.o(.ARM.Collect$$libinit$$00000030)
    .ARM.Collect$$libinit$$00000032          0x08000210   Section        0  libinit2.o(.ARM.Collect$$libinit$$00000032)
    .ARM.Collect$$libinit$$00000033          0x08000210   Section        2  libinit2.o(.ARM.Collect$$libinit$$00000033)
    .ARM.Collect$$libshutdown$$00000000      0x08000212   Section        2  libshutdown.o(.ARM.Collect$$libshutdown$$00000000)
    .ARM.Collect$$libshutdown$$00000002      0x08000214   Section        0  libshutdown2.o(.ARM.Collect$$libshutdown$$00000002)
    .ARM.Collect$$libshutdown$$00000004      0x08000214   Section        0  libshutdown2.o(.ARM.Collect$$libshutdown$$00000004)
    .ARM.Collect$$libshutdown$$00000007      0x08000214   Section        0  libshutdown2.o(.ARM.Collect$$libshutdown$$00000007)
    .ARM.Collect$$libshutdown$$0000000A      0x08000214   Section        0  libshutdown2.o(.ARM.Collect$$libshutdown$$0000000A)
    .ARM.Collect$$libshutdown$$0000000C      0x08000214   Section        0  libshutdown2.o(.ARM.Collect$$libshutdown$$0000000C)
    .ARM.Collect$$libshutdown$$0000000F      0x08000214   Section        0  libshutdown2.o(.ARM.Collect$$libshutdown$$0000000F)
    .ARM.Collect$$libshutdown$$00000010      0x08000214   Section        2  libshutdown2.o(.ARM.Collect$$libshutdown$$00000010)
    .ARM.Collect$$rtentry$$00000000          0x08000216   Section        0  __rtentry.o(.ARM.Collect$$rtentry$$00000000)
    .ARM.Collect$$rtentry$$00000002          0x08000216   Section        0  __rtentry2.o(.ARM.Collect$$rtentry$$00000002)
    .ARM.Collect$$rtentry$$00000004          0x08000216   Section        6  __rtentry4.o(.ARM.Collect$$rtentry$$00000004)
    .ARM.Collect$$rtentry$$00000009          0x0800021c   Section        0  __rtentry2.o(.ARM.Collect$$rtentry$$00000009)
    .ARM.Collect$$rtentry$$0000000A          0x0800021c   Section        4  __rtentry2.o(.ARM.Collect$$rtentry$$0000000A)
    .ARM.Collect$$rtentry$$0000000C          0x08000220   Section        0  __rtentry2.o(.ARM.Collect$$rtentry$$0000000C)
    .ARM.Collect$$rtentry$$0000000D          0x08000220   Section        8  __rtentry2.o(.ARM.Collect$$rtentry$$0000000D)
    .ARM.Collect$$rtexit$$00000000           0x08000228   Section        2  rtexit.o(.ARM.Collect$$rtexit$$00000000)
    .ARM.Collect$$rtexit$$00000002           0x0800022a   Section        0  rtexit2.o(.ARM.Collect$$rtexit$$00000002)
    .ARM.Collect$$rtexit$$00000003           0x0800022a   Section        4  rtexit2.o(.ARM.Collect$$rtexit$$00000003)
    .ARM.Collect$$rtexit$$00000004           0x0800022e   Section        6  rtexit2.o(.ARM.Collect$$rtexit$$00000004)
    .emb_text                                0x08000234   Section      182  port.o(.emb_text)
    $v0                                      0x08000234   Number         0  port.o(.emb_text)
    .text                                    0x0800030c   Section       64  startup_stm32l431xx.o(.text)
    $v0                                      0x0800030c   Number         0  startup_stm32l431xx.o(.text)
    .text                                    0x0800034c   Section      238  lludivv7m.o(.text)
    .text                                    0x0800043c   Section        0  noretval__2printf.o(.text)
    .text                                    0x08000454   Section        0  __printf.o(.text)
    .text                                    0x080004bc   Section        0  _printf_dec.o(.text)
    .text                                    0x08000534   Section       16  aeabi_memset.o(.text)
    .text                                    0x08000544   Section        0  heapauxi.o(.text)
    .text                                    0x0800054a   Section        0  _printf_intcommon.o(.text)
    .text                                    0x080005fc   Section        0  _printf_char_file.o(.text)
    .text                                    0x08000620   Section       68  rt_memclr.o(.text)
    .text                                    0x08000664   Section        0  _printf_char_common.o(.text)
    _printf_input_char                       0x08000665   Thumb Code    10  _printf_char_common.o(.text)
    .text                                    0x08000694   Section        0  ferror.o(.text)
    .text                                    0x0800069c   Section       78  rt_memclr_w.o(.text)
    .text                                    0x080006ea   Section       74  sys_stackheap_outer.o(.text)
    .text                                    0x08000734   Section        0  exit.o(.text)
    .text                                    0x08000748   Section        8  libspace.o(.text)
    i.BusFault_Handler                       0x08000750   Section        0  stm32l4xx_it.o(i.BusFault_Handler)
    i.DebugMon_Handler                       0x08000754   Section        0  stm32l4xx_it.o(i.DebugMon_Handler)
    i.HAL_GPIO_Init                          0x08000758   Section        0  stm32l4xx_hal_gpio.o(i.HAL_GPIO_Init)
    i.HAL_GetTick                            0x08000920   Section        0  stm32l4xx_hal.o(i.HAL_GetTick)
    i.HAL_IncTick                            0x0800092c   Section        0  stm32l4xx_hal.o(i.HAL_IncTick)
    i.HAL_Init                               0x0800093c   Section        0  stm32l4xx_hal.o(i.HAL_Init)
    i.HAL_InitTick                           0x0800095c   Section        0  stm32l4xx_hal_timebase_tim_template.o(i.HAL_InitTick)
    i.HAL_MspInit                            0x080009f0   Section        0  stm32l4xx_hal_msp.o(i.HAL_MspInit)
    i.HAL_NVIC_EnableIRQ                     0x080009f2   Section        0  stm32l4xx_hal_cortex.o(i.HAL_NVIC_EnableIRQ)
    i.HAL_NVIC_SetPriority                   0x08000a0c   Section        0  stm32l4xx_hal_cortex.o(i.HAL_NVIC_SetPriority)
    i.HAL_NVIC_SetPriorityGrouping           0x08000a90   Section        0  stm32l4xx_hal_cortex.o(i.HAL_NVIC_SetPriorityGrouping)
    i.HAL_PWREx_GetVoltageRange              0x08000ab8   Section        0  stm32l4xx_hal_pwr_ex.o(i.HAL_PWREx_GetVoltageRange)
    i.HAL_RCC_ClockConfig                    0x08000ac8   Section        0  stm32l4xx_hal_rcc.o(i.HAL_RCC_ClockConfig)
    i.HAL_RCC_GetClockConfig                 0x08000c40   Section        0  stm32l4xx_hal_rcc.o(i.HAL_RCC_GetClockConfig)
    i.HAL_RCC_GetHCLKFreq                    0x08000c84   Section        0  stm32l4xx_hal_rcc.o(i.HAL_RCC_GetHCLKFreq)
    i.HAL_RCC_GetPCLK1Freq                   0x08000c90   Section        0  stm32l4xx_hal_rcc.o(i.HAL_RCC_GetPCLK1Freq)
    i.HAL_RCC_GetPCLK2Freq                   0x08000cb4   Section        0  stm32l4xx_hal_rcc.o(i.HAL_RCC_GetPCLK2Freq)
    i.HAL_RCC_GetSysClockFreq                0x08000cd8   Section        0  stm32l4xx_hal_rcc.o(i.HAL_RCC_GetSysClockFreq)
    i.HAL_RCC_OscConfig                      0x08000df4   Section        0  stm32l4xx_hal_rcc.o(i.HAL_RCC_OscConfig)
    i.HAL_TIMEx_Break2Callback               0x0800147c   Section        0  stm32l4xx_hal_tim_ex.o(i.HAL_TIMEx_Break2Callback)
    i.HAL_TIMEx_BreakCallback                0x0800147e   Section        0  stm32l4xx_hal_tim_ex.o(i.HAL_TIMEx_BreakCallback)
    i.HAL_TIMEx_CommutationCallback          0x08001480   Section        0  stm32l4xx_hal_tim_ex.o(i.HAL_TIMEx_CommutationCallback)
    i.HAL_TIM_Base_Init                      0x08001482   Section        0  stm32l4xx_hal_tim.o(i.HAL_TIM_Base_Init)
    i.HAL_TIM_Base_MspInit                   0x080014b6   Section        0  stm32l4xx_hal_tim.o(i.HAL_TIM_Base_MspInit)
    i.HAL_TIM_Base_Start_IT                  0x080014b8   Section        0  stm32l4xx_hal_tim.o(i.HAL_TIM_Base_Start_IT)
    i.HAL_TIM_IC_CaptureCallback             0x080014fc   Section        0  stm32l4xx_hal_tim.o(i.HAL_TIM_IC_CaptureCallback)
    i.HAL_TIM_IRQHandler                     0x080014fe   Section        0  stm32l4xx_hal_tim.o(i.HAL_TIM_IRQHandler)
    i.HAL_TIM_OC_DelayElapsedCallback        0x080016b6   Section        0  stm32l4xx_hal_tim.o(i.HAL_TIM_OC_DelayElapsedCallback)
    i.HAL_TIM_PWM_PulseFinishedCallback      0x080016b8   Section        0  stm32l4xx_hal_tim.o(i.HAL_TIM_PWM_PulseFinishedCallback)
    i.HAL_TIM_PeriodElapsedCallback          0x080016ba   Section        0  stm32l4xx_hal_timebase_tim_template.o(i.HAL_TIM_PeriodElapsedCallback)
    i.HAL_TIM_TriggerCallback                0x080016c4   Section        0  stm32l4xx_hal_tim.o(i.HAL_TIM_TriggerCallback)
    i.HAL_UART_Init                          0x080016c6   Section        0  stm32l4xx_hal_uart.o(i.HAL_UART_Init)
    i.HAL_UART_MspInit                       0x08001740   Section        0  usart_1.o(i.HAL_UART_MspInit)
    i.HardFault_Handler                      0x080017bc   Section        0  stm32l4xx_it.o(i.HardFault_Handler)
    i.MemManage_Handler                      0x080017c0   Section        0  stm32l4xx_it.o(i.MemManage_Handler)
    i.NMI_Handler                            0x080017c4   Section        0  stm32l4xx_it.o(i.NMI_Handler)
    i.NVIC_GetPriorityGrouping               0x080017c8   Section        0  stm32l4xx_hal_cortex.o(i.NVIC_GetPriorityGrouping)
    NVIC_GetPriorityGrouping                 0x080017c9   Thumb Code    10  stm32l4xx_hal_cortex.o(i.NVIC_GetPriorityGrouping)
    i.NVIC_SetPriority                       0x080017d8   Section        0  stm32l4xx_hal_cortex.o(i.NVIC_SetPriority)
    NVIC_SetPriority                         0x080017d9   Thumb Code    32  stm32l4xx_hal_cortex.o(i.NVIC_SetPriority)
    i.RCC_SetFlashLatencyFromMSIRange        0x08001800   Section        0  stm32l4xx_hal_rcc.o(i.RCC_SetFlashLatencyFromMSIRange)
    RCC_SetFlashLatencyFromMSIRange          0x08001801   Thumb Code   148  stm32l4xx_hal_rcc.o(i.RCC_SetFlashLatencyFromMSIRange)
    i.SysTick_Handler                        0x0800189c   Section        0  port.o(i.SysTick_Handler)
    i.SystemClock_Config                     0x080018d0   Section        0  main.o(i.SystemClock_Config)
    SystemClock_Config                       0x080018d1   Thumb Code    92  main.o(i.SystemClock_Config)
    i.SystemInit                             0x0800192c   Section        0  system_stm32l4xx.o(i.SystemInit)
    i.TIM6_DAC_IRQHandler                    0x0800197c   Section        0  stm32l4xx_hal_timebase_tim_template.o(i.TIM6_DAC_IRQHandler)
    i.TIM_Base_SetConfig                     0x0800198c   Section        0  stm32l4xx_hal_tim.o(i.TIM_Base_SetConfig)
    i.TaskFunc1                              0x08001a00   Section        0  main.o(i.TaskFunc1)
    i.TaskFunc2                              0x08001a34   Section        0  main.o(i.TaskFunc2)
    i.TaskFunc3                              0x08001a68   Section        0  main.o(i.TaskFunc3)
    i.UART_AdvFeatureConfig                  0x08001a9c   Section        0  stm32l4xx_hal_uart.o(i.UART_AdvFeatureConfig)
    i.UART_CheckIdleState                    0x08001b94   Section        0  stm32l4xx_hal_uart.o(i.UART_CheckIdleState)
    i.UART_SetConfig                         0x08001c08   Section        0  stm32l4xx_hal_uart.o(i.UART_SetConfig)
    i.UART_WaitOnFlagUntilTimeout            0x0800201a   Section        0  stm32l4xx_hal_uart.o(i.UART_WaitOnFlagUntilTimeout)
    i.UsageFault_Handler                     0x08002086   Section        0  stm32l4xx_it.o(i.UsageFault_Handler)
    i._sys_exit                              0x0800208a   Section        0  usart_1.o(i._sys_exit)
    i.fputc                                  0x08002090   Section        0  usart_1.o(i.fputc)
    i.main                                   0x080020b0   Section        0  main.o(i.main)
    i.prvAddCurrentTaskToDelayedList         0x08002128   Section        0  tasks.o(i.prvAddCurrentTaskToDelayedList)
    prvAddCurrentTaskToDelayedList           0x08002129   Thumb Code   124  tasks.o(i.prvAddCurrentTaskToDelayedList)
    i.prvAddNewTaskToReadyList               0x080021c0   Section        0  tasks.o(i.prvAddNewTaskToReadyList)
    prvAddNewTaskToReadyList                 0x080021c1   Thumb Code   156  tasks.o(i.prvAddNewTaskToReadyList)
    i.prvCheckTasksWaitingTermination        0x08002278   Section        0  tasks.o(i.prvCheckTasksWaitingTermination)
    prvCheckTasksWaitingTermination          0x08002279   Thumb Code    86  tasks.o(i.prvCheckTasksWaitingTermination)
    i.prvDeleteTCB                           0x080022dc   Section        0  tasks.o(i.prvDeleteTCB)
    prvDeleteTCB                             0x080022dd   Thumb Code    18  tasks.o(i.prvDeleteTCB)
    i.prvHeapInit                            0x080022f0   Section        0  heap_4.o(i.prvHeapInit)
    prvHeapInit                              0x080022f1   Thumb Code    98  heap_4.o(i.prvHeapInit)
    i.prvIdleTask                            0x0800236c   Section        0  tasks.o(i.prvIdleTask)
    prvIdleTask                              0x0800236d   Thumb Code    32  tasks.o(i.prvIdleTask)
    i.prvInitialiseNewTask                   0x08002394   Section        0  tasks.o(i.prvInitialiseNewTask)
    prvInitialiseNewTask                     0x08002395   Thumb Code   180  tasks.o(i.prvInitialiseNewTask)
    i.prvInitialiseTaskLists                 0x08002450   Section        0  tasks.o(i.prvInitialiseTaskLists)
    prvInitialiseTaskLists                   0x08002451   Thumb Code    70  tasks.o(i.prvInitialiseTaskLists)
    i.prvInsertBlockIntoFreeList             0x080024b8   Section        0  heap_4.o(i.prvInsertBlockIntoFreeList)
    prvInsertBlockIntoFreeList               0x080024b9   Thumb Code    96  heap_4.o(i.prvInsertBlockIntoFreeList)
    i.prvResetNextTaskUnblockTime            0x08002520   Section        0  tasks.o(i.prvResetNextTaskUnblockTime)
    prvResetNextTaskUnblockTime              0x08002521   Thumb Code    42  tasks.o(i.prvResetNextTaskUnblockTime)
    i.prvTaskExitError                       0x08002554   Section        0  port.o(i.prvTaskExitError)
    prvTaskExitError                         0x08002555   Thumb Code    60  port.o(i.prvTaskExitError)
    i.pvPortMalloc                           0x08002594   Section        0  heap_4.o(i.pvPortMalloc)
    i.pxPortInitialiseStack                  0x080026d0   Section        0  port.o(i.pxPortInitialiseStack)
    i.usart1_init                            0x080026fc   Section        0  usart_1.o(i.usart1_init)
    i.uxListRemove                           0x08002728   Section        0  list.o(i.uxListRemove)
    i.vListInitialise                        0x08002750   Section        0  list.o(i.vListInitialise)
    i.vListInitialiseItem                    0x0800276a   Section        0  list.o(i.vListInitialiseItem)
    i.vListInsert                            0x08002770   Section        0  list.o(i.vListInsert)
    i.vListInsertEnd                         0x080027a4   Section        0  list.o(i.vListInsertEnd)
    i.vPortEnterCritical                     0x080027bc   Section        0  port.o(i.vPortEnterCritical)
    i.vPortExitCritical                      0x08002810   Section        0  port.o(i.vPortExitCritical)
    i.vPortFree                              0x0800284c   Section        0  heap_4.o(i.vPortFree)
    i.vPortSetupTimerInterrupt               0x080028e0   Section        0  port.o(i.vPortSetupTimerInterrupt)
    i.vTaskDelay                             0x080028fc   Section        0  tasks.o(i.vTaskDelay)
    i.vTaskStartScheduler                    0x08002958   Section        0  tasks.o(i.vTaskStartScheduler)
    i.vTaskSuspendAll                        0x080029e0   Section        0  tasks.o(i.vTaskSuspendAll)
    i.vTaskSwitchContext                     0x080029f0   Section        0  tasks.o(i.vTaskSwitchContext)
    i.xPortStartScheduler                    0x08002a7c   Section        0  port.o(i.xPortStartScheduler)
    i.xTaskCreate                            0x08002bb8   Section        0  tasks.o(i.xTaskCreate)
    i.xTaskIncrementTick                     0x08002c20   Section        0  tasks.o(i.xTaskIncrementTick)
    i.xTaskResumeAll                         0x08002d68   Section        0  tasks.o(i.xTaskResumeAll)
    x$fpl$fpinit                             0x08002e6c   Section       10  fpinit.o(x$fpl$fpinit)
    $v0                                      0x08002e6c   Number         0  fpinit.o(x$fpl$fpinit)
    .constdata                               0x08002e78   Section       72  system_stm32l4xx.o(.constdata)
    .data                                    0x20000000   Section       12  main.o(.data)
    cnt                                      0x20000000   Data           4  main.o(.data)
    cnt                                      0x20000004   Data           4  main.o(.data)
    cnt                                      0x20000008   Data           4  main.o(.data)
    .data                                    0x2000000c   Section        4  system_stm32l4xx.o(.data)
    .data                                    0x20000010   Section        4  stm32l4xx_hal.o(.data)
    .data                                    0x20000014   Section        4  usart_1.o(.data)
    .data                                    0x20000018   Section       60  tasks.o(.data)
    pxDelayedTaskList                        0x2000001c   Data           4  tasks.o(.data)
    pxOverflowDelayedTaskList                0x20000020   Data           4  tasks.o(.data)
    uxDeletedTasksWaitingCleanUp             0x20000024   Data           4  tasks.o(.data)
    uxCurrentNumberOfTasks                   0x20000028   Data           4  tasks.o(.data)
    xTickCount                               0x2000002c   Data           4  tasks.o(.data)
    uxTopReadyPriority                       0x20000030   Data           4  tasks.o(.data)
    xSchedulerRunning                        0x20000034   Data           4  tasks.o(.data)
    uxPendedTicks                            0x20000038   Data           4  tasks.o(.data)
    xYieldPending                            0x2000003c   Data           4  tasks.o(.data)
    xNumOfOverflows                          0x20000040   Data           4  tasks.o(.data)
    uxTaskNumber                             0x20000044   Data           4  tasks.o(.data)
    xNextTaskUnblockTime                     0x20000048   Data           4  tasks.o(.data)
    xIdleTaskHandle                          0x2000004c   Data           4  tasks.o(.data)
    uxSchedulerSuspended                     0x20000050   Data           4  tasks.o(.data)
    .data                                    0x20000054   Section       12  port.o(.data)
    uxCriticalNesting                        0x20000054   Data           4  port.o(.data)
    ucMaxSysCallPriority                     0x20000058   Data           1  port.o(.data)
    ulMaxPRIGROUPValue                       0x2000005c   Data           4  port.o(.data)
    .data                                    0x20000060   Section       24  heap_4.o(.data)
    xStart                                   0x20000060   Data           8  heap_4.o(.data)
    pxEnd                                    0x20000068   Data           4  heap_4.o(.data)
    xFreeBytesRemaining                      0x2000006c   Data           4  heap_4.o(.data)
    xMinimumEverFreeBytesRemaining           0x20000070   Data           4  heap_4.o(.data)
    xBlockAllocatedBit                       0x20000074   Data           4  heap_4.o(.data)
    .bss                                     0x20000078   Section       64  stm32l4xx_hal_timebase_tim_template.o(.bss)
    .bss                                     0x200000b8   Section      120  usart_1.o(.bss)
    UartHandle                               0x200000b8   Data         120  usart_1.o(.bss)
    .bss                                     0x20000130   Section      240  tasks.o(.bss)
    pxReadyTasksLists                        0x20000130   Data         140  tasks.o(.bss)
    xDelayedTaskList1                        0x200001bc   Data          20  tasks.o(.bss)
    xDelayedTaskList2                        0x200001d0   Data          20  tasks.o(.bss)
    xPendingReadyList                        0x200001e4   Data          20  tasks.o(.bss)
    xTasksWaitingTermination                 0x200001f8   Data          20  tasks.o(.bss)
    xSuspendedTaskList                       0x2000020c   Data          20  tasks.o(.bss)
    .bss                                     0x20000220   Section    15360  heap_4.o(.bss)
    ucHeap                                   0x20000220   Data       15360  heap_4.o(.bss)
    .bss                                     0x20003e20   Section       96  libspace.o(.bss)
    HEAP                                     0x20003e80   Section      512  startup_stm32l431xx.o(HEAP)
    Heap_Mem                                 0x20003e80   Data         512  startup_stm32l431xx.o(HEAP)
    STACK                                    0x20004080   Section     1024  startup_stm32l431xx.o(STACK)
    Stack_Mem                                0x20004080   Data        1024  startup_stm32l431xx.o(STACK)
    __initial_sp                             0x20004480   Data           0  startup_stm32l431xx.o(STACK)

    Global Symbols

    Symbol Name                              Value     Ov Type        Size  Object(Section)

    BuildAttributes$$THM_ISAv4$E$P$D$K$B$S$7EM$VFPi3$EXTD16$VFPS$VFMA$PE$A:L22UL41UL21$X:L11$S22US41US21$IEEE1$IW$USESV6$~STKCKD$USESV7$~SHL$OSPACE$ROPI$EBA8$UX$STANDARDLIB$REQ8$PRES8$EABIv2 0x00000000   Number         0  anon$$obj.o ABSOLUTE
    __ARM_use_no_argv                        0x00000000   Number         0  main.o ABSOLUTE
    __ARM_exceptions_init                     - Undefined Weak Reference
    __alloca_initialize                       - Undefined Weak Reference
    __arm_preinit_                            - Undefined Weak Reference
    __cpp_initialize__aeabi_                  - Undefined Weak Reference
    __cxa_finalize                            - Undefined Weak Reference
    __rt_locale                               - Undefined Weak Reference
    __sigvec_lookup                           - Undefined Weak Reference
    _atexit_init                              - Undefined Weak Reference
    _call_atexit_fns                          - Undefined Weak Reference
    _clock_init                               - Undefined Weak Reference
    _fp_trap_init                             - Undefined Weak Reference
    _fp_trap_shutdown                         - Undefined Weak Reference
    _get_lc_collate                           - Undefined Weak Reference
    _get_lc_ctype                             - Undefined Weak Reference
    _get_lc_monetary                          - Undefined Weak Reference
    _get_lc_numeric                           - Undefined Weak Reference
    _get_lc_time                              - Undefined Weak Reference
    _getenv_init                              - Undefined Weak Reference
    _handle_redirection                       - Undefined Weak Reference
    _init_alloc                               - Undefined Weak Reference
    _init_user_alloc                          - Undefined Weak Reference
    _initio                                   - Undefined Weak Reference
    _mutex_acquire                            - Undefined Weak Reference
    _mutex_release                            - Undefined Weak Reference
    _printf_post_padding                      - Undefined Weak Reference
    _printf_pre_padding                       - Undefined Weak Reference
    _printf_truncate_signed                   - Undefined Weak Reference
    _printf_truncate_unsigned                 - Undefined Weak Reference
    _rand_init                                - Undefined Weak Reference
    _signal_finish                            - Undefined Weak Reference
    _signal_init                              - Undefined Weak Reference
    _terminate_alloc                          - Undefined Weak Reference
    _terminate_user_alloc                     - Undefined Weak Reference
    _terminateio                              - Undefined Weak Reference
    __Vectors_Size                           0x0000018c   Number         0  startup_stm32l431xx.o ABSOLUTE
    __Vectors                                0x08000000   Data           4  startup_stm32l431xx.o(RESET)
    __Vectors_End                            0x0800018c   Data           0  startup_stm32l431xx.o(RESET)
    __main                                   0x0800018d   Thumb Code     8  __main.o(!!!main)
    __scatterload                            0x08000195   Thumb Code     0  __scatter.o(!!!scatter)
    __scatterload_rt2                        0x08000195   Thumb Code    44  __scatter.o(!!!scatter)
    __scatterload_rt2_thumb_only             0x08000195   Thumb Code     0  __scatter.o(!!!scatter)
    __scatterload_null                       0x080001a3   Thumb Code     0  __scatter.o(!!!scatter)
    __scatterload_copy                       0x080001c9   Thumb Code    26  __scatter_copy.o(!!handler_copy)
    __scatterload_zeroinit                   0x080001e5   Thumb Code    28  __scatter_zi.o(!!handler_zi)
    _printf_d                                0x08000201   Thumb Code     0  _printf_d.o(.ARM.Collect$$_printf_percent$$00000009)
    _printf_percent                          0x08000201   Thumb Code     0  _printf_percent.o(.ARM.Collect$$_printf_percent$$00000000)
    _printf_percent_end                      0x08000207   Thumb Code     0  _printf_percent_end.o(.ARM.Collect$$_printf_percent$$00000017)
    __rt_lib_init                            0x0800020b   Thumb Code     0  libinit.o(.ARM.Collect$$libinit$$00000000)
    __rt_lib_init_fp_1                       0x0800020d   Thumb Code     0  libinit2.o(.ARM.Collect$$libinit$$00000001)
    __rt_lib_init_alloca_1                   0x08000211   Thumb Code     0  libinit2.o(.ARM.Collect$$libinit$$0000002E)
    __rt_lib_init_argv_1                     0x08000211   Thumb Code     0  libinit2.o(.ARM.Collect$$libinit$$0000002C)
    __rt_lib_init_atexit_1                   0x08000211   Thumb Code     0  libinit2.o(.ARM.Collect$$libinit$$0000001B)
    __rt_lib_init_clock_1                    0x08000211   Thumb Code     0  libinit2.o(.ARM.Collect$$libinit$$00000021)
    __rt_lib_init_cpp_1                      0x08000211   Thumb Code     0  libinit2.o(.ARM.Collect$$libinit$$00000032)
    __rt_lib_init_exceptions_1               0x08000211   Thumb Code     0  libinit2.o(.ARM.Collect$$libinit$$00000030)
    __rt_lib_init_fp_trap_1                  0x08000211   Thumb Code     0  libinit2.o(.ARM.Collect$$libinit$$0000001F)
    __rt_lib_init_getenv_1                   0x08000211   Thumb Code     0  libinit2.o(.ARM.Collect$$libinit$$00000023)
    __rt_lib_init_heap_1                     0x08000211   Thumb Code     0  libinit2.o(.ARM.Collect$$libinit$$0000000A)
    __rt_lib_init_lc_collate_1               0x08000211   Thumb Code     0  libinit2.o(.ARM.Collect$$libinit$$00000011)
    __rt_lib_init_lc_ctype_1                 0x08000211   Thumb Code     0  libinit2.o(.ARM.Collect$$libinit$$00000013)
    __rt_lib_init_lc_monetary_1              0x08000211   Thumb Code     0  libinit2.o(.ARM.Collect$$libinit$$00000015)
    __rt_lib_init_lc_numeric_1               0x08000211   Thumb Code     0  libinit2.o(.ARM.Collect$$libinit$$00000017)
    __rt_lib_init_lc_time_1                  0x08000211   Thumb Code     0  libinit2.o(.ARM.Collect$$libinit$$00000019)
    __rt_lib_init_preinit_1                  0x08000211   Thumb Code     0  libinit2.o(.ARM.Collect$$libinit$$00000004)
    __rt_lib_init_rand_1                     0x08000211   Thumb Code     0  libinit2.o(.ARM.Collect$$libinit$$0000000E)
    __rt_lib_init_return                     0x08000211   Thumb Code     0  libinit2.o(.ARM.Collect$$libinit$$00000033)
    __rt_lib_init_signal_1                   0x08000211   Thumb Code     0  libinit2.o(.ARM.Collect$$libinit$$0000001D)
    __rt_lib_init_stdio_1                    0x08000211   Thumb Code     0  libinit2.o(.ARM.Collect$$libinit$$00000025)
    __rt_lib_init_user_alloc_1               0x08000211   Thumb Code     0  libinit2.o(.ARM.Collect$$libinit$$0000000C)
    __rt_lib_shutdown                        0x08000213   Thumb Code     0  libshutdown.o(.ARM.Collect$$libshutdown$$00000000)
    __rt_lib_shutdown_cpp_1                  0x08000215   Thumb Code     0  libshutdown2.o(.ARM.Collect$$libshutdown$$00000002)
    __rt_lib_shutdown_fp_trap_1              0x08000215   Thumb Code     0  libshutdown2.o(.ARM.Collect$$libshutdown$$00000007)
    __rt_lib_shutdown_heap_1                 0x08000215   Thumb Code     0  libshutdown2.o(.ARM.Collect$$libshutdown$$0000000F)
    __rt_lib_shutdown_return                 0x08000215   Thumb Code     0  libshutdown2.o(.ARM.Collect$$libshutdown$$00000010)
    __rt_lib_shutdown_signal_1               0x08000215   Thumb Code     0  libshutdown2.o(.ARM.Collect$$libshutdown$$0000000A)
    __rt_lib_shutdown_stdio_1                0x08000215   Thumb Code     0  libshutdown2.o(.ARM.Collect$$libshutdown$$00000004)
    __rt_lib_shutdown_user_alloc_1           0x08000215   Thumb Code     0  libshutdown2.o(.ARM.Collect$$libshutdown$$0000000C)
    __rt_entry                               0x08000217   Thumb Code     0  __rtentry.o(.ARM.Collect$$rtentry$$00000000)
    __rt_entry_presh_1                       0x08000217   Thumb Code     0  __rtentry2.o(.ARM.Collect$$rtentry$$00000002)
    __rt_entry_sh                            0x08000217   Thumb Code     0  __rtentry4.o(.ARM.Collect$$rtentry$$00000004)
    __rt_entry_li                            0x0800021d   Thumb Code     0  __rtentry2.o(.ARM.Collect$$rtentry$$0000000A)
    __rt_entry_postsh_1                      0x0800021d   Thumb Code     0  __rtentry2.o(.ARM.Collect$$rtentry$$00000009)
    __rt_entry_main                          0x08000221   Thumb Code     0  __rtentry2.o(.ARM.Collect$$rtentry$$0000000D)
    __rt_entry_postli_1                      0x08000221   Thumb Code     0  __rtentry2.o(.ARM.Collect$$rtentry$$0000000C)
    __rt_exit                                0x08000229   Thumb Code     0  rtexit.o(.ARM.Collect$$rtexit$$00000000)
    __rt_exit_ls                             0x0800022b   Thumb Code     0  rtexit2.o(.ARM.Collect$$rtexit$$00000003)
    __rt_exit_prels_1                        0x0800022b   Thumb Code     0  rtexit2.o(.ARM.Collect$$rtexit$$00000002)
    __rt_exit_exit                           0x0800022f   Thumb Code     0  rtexit2.o(.ARM.Collect$$rtexit$$00000004)
    SVC_Handler                              0x08000235   Thumb Code    28  port.o(.emb_text)
    __asm___6_port_c_39a90d8d__prvStartFirstTask 0x08000255   Thumb Code    28  port.o(.emb_text)
    __asm___6_port_c_39a90d8d__prvEnableVFP  0x08000275   Thumb Code    16  port.o(.emb_text)
    PendSV_Handler                           0x08000289   Thumb Code    88  port.o(.emb_text)
    vPortGetIPSR                             0x080002e5   Thumb Code     6  port.o(.emb_text)
    Reset_Handler                            0x0800030d   Thumb Code     8  startup_stm32l431xx.o(.text)
    ADC1_IRQHandler                          0x08000327   Thumb Code     0  startup_stm32l431xx.o(.text)
    CAN1_RX0_IRQHandler                      0x08000327   Thumb Code     0  startup_stm32l431xx.o(.text)
    CAN1_RX1_IRQHandler                      0x08000327   Thumb Code     0  startup_stm32l431xx.o(.text)
    CAN1_SCE_IRQHandler                      0x08000327   Thumb Code     0  startup_stm32l431xx.o(.text)
    CAN1_TX_IRQHandler                       0x08000327   Thumb Code     0  startup_stm32l431xx.o(.text)
    COMP_IRQHandler                          0x08000327   Thumb Code     0  startup_stm32l431xx.o(.text)
    CRS_IRQHandler                           0x08000327   Thumb Code     0  startup_stm32l431xx.o(.text)
    DMA1_Channel1_IRQHandler                 0x08000327   Thumb Code     0  startup_stm32l431xx.o(.text)
    DMA1_Channel2_IRQHandler                 0x08000327   Thumb Code     0  startup_stm32l431xx.o(.text)
    DMA1_Channel3_IRQHandler                 0x08000327   Thumb Code     0  startup_stm32l431xx.o(.text)
    DMA1_Channel4_IRQHandler                 0x08000327   Thumb Code     0  startup_stm32l431xx.o(.text)
    DMA1_Channel5_IRQHandler                 0x08000327   Thumb Code     0  startup_stm32l431xx.o(.text)
    DMA1_Channel6_IRQHandler                 0x08000327   Thumb Code     0  startup_stm32l431xx.o(.text)
    DMA1_Channel7_IRQHandler                 0x08000327   Thumb Code     0  startup_stm32l431xx.o(.text)
    DMA2_Channel1_IRQHandler                 0x08000327   Thumb Code     0  startup_stm32l431xx.o(.text)
    DMA2_Channel2_IRQHandler                 0x08000327   Thumb Code     0  startup_stm32l431xx.o(.text)
    DMA2_Channel3_IRQHandler                 0x08000327   Thumb Code     0  startup_stm32l431xx.o(.text)
    DMA2_Channel4_IRQHandler                 0x08000327   Thumb Code     0  startup_stm32l431xx.o(.text)
    DMA2_Channel5_IRQHandler                 0x08000327   Thumb Code     0  startup_stm32l431xx.o(.text)
    DMA2_Channel6_IRQHandler                 0x08000327   Thumb Code     0  startup_stm32l431xx.o(.text)
    DMA2_Channel7_IRQHandler                 0x08000327   Thumb Code     0  startup_stm32l431xx.o(.text)
    EXTI0_IRQHandler                         0x08000327   Thumb Code     0  startup_stm32l431xx.o(.text)
    EXTI15_10_IRQHandler                     0x08000327   Thumb Code     0  startup_stm32l431xx.o(.text)
    EXTI1_IRQHandler                         0x08000327   Thumb Code     0  startup_stm32l431xx.o(.text)
    EXTI2_IRQHandler                         0x08000327   Thumb Code     0  startup_stm32l431xx.o(.text)
    EXTI3_IRQHandler                         0x08000327   Thumb Code     0  startup_stm32l431xx.o(.text)
    EXTI4_IRQHandler                         0x08000327   Thumb Code     0  startup_stm32l431xx.o(.text)
    EXTI9_5_IRQHandler                       0x08000327   Thumb Code     0  startup_stm32l431xx.o(.text)
    FLASH_IRQHandler                         0x08000327   Thumb Code     0  startup_stm32l431xx.o(.text)
    FPU_IRQHandler                           0x08000327   Thumb Code     0  startup_stm32l431xx.o(.text)
    I2C1_ER_IRQHandler                       0x08000327   Thumb Code     0  startup_stm32l431xx.o(.text)
    I2C1_EV_IRQHandler                       0x08000327   Thumb Code     0  startup_stm32l431xx.o(.text)
    I2C2_ER_IRQHandler                       0x08000327   Thumb Code     0  startup_stm32l431xx.o(.text)
    I2C2_EV_IRQHandler                       0x08000327   Thumb Code     0  startup_stm32l431xx.o(.text)
    I2C3_ER_IRQHandler                       0x08000327   Thumb Code     0  startup_stm32l431xx.o(.text)
    I2C3_EV_IRQHandler                       0x08000327   Thumb Code     0  startup_stm32l431xx.o(.text)
    LPTIM1_IRQHandler                        0x08000327   Thumb Code     0  startup_stm32l431xx.o(.text)
    LPTIM2_IRQHandler                        0x08000327   Thumb Code     0  startup_stm32l431xx.o(.text)
    LPUART1_IRQHandler                       0x08000327   Thumb Code     0  startup_stm32l431xx.o(.text)
    PVD_PVM_IRQHandler                       0x08000327   Thumb Code     0  startup_stm32l431xx.o(.text)
    QUADSPI_IRQHandler                       0x08000327   Thumb Code     0  startup_stm32l431xx.o(.text)
    RCC_IRQHandler                           0x08000327   Thumb Code     0  startup_stm32l431xx.o(.text)
    RNG_IRQHandler                           0x08000327   Thumb Code     0  startup_stm32l431xx.o(.text)
    RTC_Alarm_IRQHandler                     0x08000327   Thumb Code     0  startup_stm32l431xx.o(.text)
    RTC_WKUP_IRQHandler                      0x08000327   Thumb Code     0  startup_stm32l431xx.o(.text)
    SAI1_IRQHandler                          0x08000327   Thumb Code     0  startup_stm32l431xx.o(.text)
    SDMMC1_IRQHandler                        0x08000327   Thumb Code     0  startup_stm32l431xx.o(.text)
    SPI1_IRQHandler                          0x08000327   Thumb Code     0  startup_stm32l431xx.o(.text)
    SPI2_IRQHandler                          0x08000327   Thumb Code     0  startup_stm32l431xx.o(.text)
    SPI3_IRQHandler                          0x08000327   Thumb Code     0  startup_stm32l431xx.o(.text)
    SWPMI1_IRQHandler                        0x08000327   Thumb Code     0  startup_stm32l431xx.o(.text)
    TAMP_STAMP_IRQHandler                    0x08000327   Thumb Code     0  startup_stm32l431xx.o(.text)
    TIM1_BRK_TIM15_IRQHandler                0x08000327   Thumb Code     0  startup_stm32l431xx.o(.text)
    TIM1_CC_IRQHandler                       0x08000327   Thumb Code     0  startup_stm32l431xx.o(.text)
    TIM1_TRG_COM_IRQHandler                  0x08000327   Thumb Code     0  startup_stm32l431xx.o(.text)
    TIM1_UP_TIM16_IRQHandler                 0x08000327   Thumb Code     0  startup_stm32l431xx.o(.text)
    TIM2_IRQHandler                          0x08000327   Thumb Code     0  startup_stm32l431xx.o(.text)
    TIM7_IRQHandler                          0x08000327   Thumb Code     0  startup_stm32l431xx.o(.text)
    TSC_IRQHandler                           0x08000327   Thumb Code     0  startup_stm32l431xx.o(.text)
    USART1_IRQHandler                        0x08000327   Thumb Code     0  startup_stm32l431xx.o(.text)
    USART2_IRQHandler                        0x08000327   Thumb Code     0  startup_stm32l431xx.o(.text)
    USART3_IRQHandler                        0x08000327   Thumb Code     0  startup_stm32l431xx.o(.text)
    WWDG_IRQHandler                          0x08000327   Thumb Code     0  startup_stm32l431xx.o(.text)
    __user_initial_stackheap                 0x08000329   Thumb Code     0  startup_stm32l431xx.o(.text)
    __aeabi_uldivmod                         0x0800034d   Thumb Code     0  lludivv7m.o(.text)
    _ll_udiv                                 0x0800034d   Thumb Code   238  lludivv7m.o(.text)
    __2printf                                0x0800043d   Thumb Code    20  noretval__2printf.o(.text)
    __printf                                 0x08000455   Thumb Code   104  __printf.o(.text)
    _printf_int_dec                          0x080004bd   Thumb Code   104  _printf_dec.o(.text)
    __aeabi_memset                           0x08000535   Thumb Code    16  aeabi_memset.o(.text)
    __use_two_region_memory                  0x08000545   Thumb Code     2  heapauxi.o(.text)
    __rt_heap_escrow$2region                 0x08000547   Thumb Code     2  heapauxi.o(.text)
    __rt_heap_expand$2region                 0x08000549   Thumb Code     2  heapauxi.o(.text)
    _printf_int_common                       0x0800054b   Thumb Code   178  _printf_intcommon.o(.text)
    _printf_char_file                        0x080005fd   Thumb Code    32  _printf_char_file.o(.text)
    __aeabi_memclr                           0x08000621   Thumb Code     0  rt_memclr.o(.text)
    __rt_memclr                              0x08000621   Thumb Code    68  rt_memclr.o(.text)
    _memset                                  0x08000625   Thumb Code     0  rt_memclr.o(.text)
    _printf_char_common                      0x0800066f   Thumb Code    32  _printf_char_common.o(.text)
    ferror                                   0x08000695   Thumb Code     8  ferror.o(.text)
    __aeabi_memclr4                          0x0800069d   Thumb Code     0  rt_memclr_w.o(.text)
    __aeabi_memclr8                          0x0800069d   Thumb Code     0  rt_memclr_w.o(.text)
    __rt_memclr_w                            0x0800069d   Thumb Code    78  rt_memclr_w.o(.text)
    _memset_w                                0x080006a1   Thumb Code     0  rt_memclr_w.o(.text)
    __user_setup_stackheap                   0x080006eb   Thumb Code    74  sys_stackheap_outer.o(.text)
    exit                                     0x08000735   Thumb Code    18  exit.o(.text)
    __user_libspace                          0x08000749   Thumb Code     8  libspace.o(.text)
    __user_perproc_libspace                  0x08000749   Thumb Code     0  libspace.o(.text)
    __user_perthread_libspace                0x08000749   Thumb Code     0  libspace.o(.text)
    BusFault_Handler                         0x08000751   Thumb Code     4  stm32l4xx_it.o(i.BusFault_Handler)
    DebugMon_Handler                         0x08000755   Thumb Code     2  stm32l4xx_it.o(i.DebugMon_Handler)
    HAL_GPIO_Init                            0x08000759   Thumb Code   428  stm32l4xx_hal_gpio.o(i.HAL_GPIO_Init)
    HAL_GetTick                              0x08000921   Thumb Code     6  stm32l4xx_hal.o(i.HAL_GetTick)
    HAL_IncTick                              0x0800092d   Thumb Code    12  stm32l4xx_hal.o(i.HAL_IncTick)
    HAL_Init                                 0x0800093d   Thumb Code    30  stm32l4xx_hal.o(i.HAL_Init)
    HAL_InitTick                             0x0800095d   Thumb Code   132  stm32l4xx_hal_timebase_tim_template.o(i.HAL_InitTick)
    HAL_MspInit                              0x080009f1   Thumb Code     2  stm32l4xx_hal_msp.o(i.HAL_MspInit)
    HAL_NVIC_EnableIRQ                       0x080009f3   Thumb Code    26  stm32l4xx_hal_cortex.o(i.HAL_NVIC_EnableIRQ)
    HAL_NVIC_SetPriority                     0x08000a0d   Thumb Code   124  stm32l4xx_hal_cortex.o(i.HAL_NVIC_SetPriority)
    HAL_NVIC_SetPriorityGrouping             0x08000a91   Thumb Code    32  stm32l4xx_hal_cortex.o(i.HAL_NVIC_SetPriorityGrouping)
    HAL_PWREx_GetVoltageRange                0x08000ab9   Thumb Code    10  stm32l4xx_hal_pwr_ex.o(i.HAL_PWREx_GetVoltageRange)
    HAL_RCC_ClockConfig                      0x08000ac9   Thumb Code   358  stm32l4xx_hal_rcc.o(i.HAL_RCC_ClockConfig)
    HAL_RCC_GetClockConfig                   0x08000c41   Thumb Code    58  stm32l4xx_hal_rcc.o(i.HAL_RCC_GetClockConfig)
    HAL_RCC_GetHCLKFreq                      0x08000c85   Thumb Code     6  stm32l4xx_hal_rcc.o(i.HAL_RCC_GetHCLKFreq)
    HAL_RCC_GetPCLK1Freq                     0x08000c91   Thumb Code    26  stm32l4xx_hal_rcc.o(i.HAL_RCC_GetPCLK1Freq)
    HAL_RCC_GetPCLK2Freq                     0x08000cb5   Thumb Code    26  stm32l4xx_hal_rcc.o(i.HAL_RCC_GetPCLK2Freq)
    HAL_RCC_GetSysClockFreq                  0x08000cd9   Thumb Code   266  stm32l4xx_hal_rcc.o(i.HAL_RCC_GetSysClockFreq)
    HAL_RCC_OscConfig                        0x08000df5   Thumb Code  1660  stm32l4xx_hal_rcc.o(i.HAL_RCC_OscConfig)
    HAL_TIMEx_Break2Callback                 0x0800147d   Thumb Code     2  stm32l4xx_hal_tim_ex.o(i.HAL_TIMEx_Break2Callback)
    HAL_TIMEx_BreakCallback                  0x0800147f   Thumb Code     2  stm32l4xx_hal_tim_ex.o(i.HAL_TIMEx_BreakCallback)
    HAL_TIMEx_CommutationCallback            0x08001481   Thumb Code     2  stm32l4xx_hal_tim_ex.o(i.HAL_TIMEx_CommutationCallback)
    HAL_TIM_Base_Init                        0x08001483   Thumb Code    52  stm32l4xx_hal_tim.o(i.HAL_TIM_Base_Init)
    HAL_TIM_Base_MspInit                     0x080014b7   Thumb Code     2  stm32l4xx_hal_tim.o(i.HAL_TIM_Base_MspInit)
    HAL_TIM_Base_Start_IT                    0x080014b9   Thumb Code    62  stm32l4xx_hal_tim.o(i.HAL_TIM_Base_Start_IT)
    HAL_TIM_IC_CaptureCallback               0x080014fd   Thumb Code     2  stm32l4xx_hal_tim.o(i.HAL_TIM_IC_CaptureCallback)
    HAL_TIM_IRQHandler                       0x080014ff   Thumb Code   440  stm32l4xx_hal_tim.o(i.HAL_TIM_IRQHandler)
    HAL_TIM_OC_DelayElapsedCallback          0x080016b7   Thumb Code     2  stm32l4xx_hal_tim.o(i.HAL_TIM_OC_DelayElapsedCallback)
    HAL_TIM_PWM_PulseFinishedCallback        0x080016b9   Thumb Code     2  stm32l4xx_hal_tim.o(i.HAL_TIM_PWM_PulseFinishedCallback)
    HAL_TIM_PeriodElapsedCallback            0x080016bb   Thumb Code    10  stm32l4xx_hal_timebase_tim_template.o(i.HAL_TIM_PeriodElapsedCallback)
    HAL_TIM_TriggerCallback                  0x080016c5   Thumb Code     2  stm32l4xx_hal_tim.o(i.HAL_TIM_TriggerCallback)
    HAL_UART_Init                            0x080016c7   Thumb Code   120  stm32l4xx_hal_uart.o(i.HAL_UART_Init)
    HAL_UART_MspInit                         0x08001741   Thumb Code   112  usart_1.o(i.HAL_UART_MspInit)
    HardFault_Handler                        0x080017bd   Thumb Code     4  stm32l4xx_it.o(i.HardFault_Handler)
    MemManage_Handler                        0x080017c1   Thumb Code     4  stm32l4xx_it.o(i.MemManage_Handler)
    NMI_Handler                              0x080017c5   Thumb Code     2  stm32l4xx_it.o(i.NMI_Handler)
    SysTick_Handler                          0x0800189d   Thumb Code    46  port.o(i.SysTick_Handler)
    SystemInit                               0x0800192d   Thumb Code    68  system_stm32l4xx.o(i.SystemInit)
    TIM6_DAC_IRQHandler                      0x0800197d   Thumb Code    10  stm32l4xx_hal_timebase_tim_template.o(i.TIM6_DAC_IRQHandler)
    TIM_Base_SetConfig                       0x0800198d   Thumb Code   104  stm32l4xx_hal_tim.o(i.TIM_Base_SetConfig)
    TaskFunc1                                0x08001a01   Thumb Code    36  main.o(i.TaskFunc1)
    TaskFunc2                                0x08001a35   Thumb Code    36  main.o(i.TaskFunc2)
    TaskFunc3                                0x08001a69   Thumb Code    36  main.o(i.TaskFunc3)
    UART_AdvFeatureConfig                    0x08001a9d   Thumb Code   248  stm32l4xx_hal_uart.o(i.UART_AdvFeatureConfig)
    UART_CheckIdleState                      0x08001b95   Thumb Code   116  stm32l4xx_hal_uart.o(i.UART_CheckIdleState)
    UART_SetConfig                           0x08001c09   Thumb Code  1000  stm32l4xx_hal_uart.o(i.UART_SetConfig)
    UART_WaitOnFlagUntilTimeout              0x0800201b   Thumb Code   108  stm32l4xx_hal_uart.o(i.UART_WaitOnFlagUntilTimeout)
    UsageFault_Handler                       0x08002087   Thumb Code     4  stm32l4xx_it.o(i.UsageFault_Handler)
    _sys_exit                                0x0800208b   Thumb Code     4  usart_1.o(i._sys_exit)
    fputc                                    0x08002091   Thumb Code    24  usart_1.o(i.fputc)
    main                                     0x080020b1   Thumb Code    82  main.o(i.main)
    pvPortMalloc                             0x08002595   Thumb Code   296  heap_4.o(i.pvPortMalloc)
    pxPortInitialiseStack                    0x080026d1   Thumb Code    38  port.o(i.pxPortInitialiseStack)
    usart1_init                              0x080026fd   Thumb Code    36  usart_1.o(i.usart1_init)
    uxListRemove                             0x08002729   Thumb Code    40  list.o(i.uxListRemove)
    vListInitialise                          0x08002751   Thumb Code    26  list.o(i.vListInitialise)
    vListInitialiseItem                      0x0800276b   Thumb Code     6  list.o(i.vListInitialiseItem)
    vListInsert                              0x08002771   Thumb Code    52  list.o(i.vListInsert)
    vListInsertEnd                           0x080027a5   Thumb Code    24  list.o(i.vListInsertEnd)
    vPortEnterCritical                       0x080027bd   Thumb Code    76  port.o(i.vPortEnterCritical)
    vPortExitCritical                        0x08002811   Thumb Code    56  port.o(i.vPortExitCritical)
    vPortFree                                0x0800284d   Thumb Code   140  heap_4.o(i.vPortFree)
    vPortSetupTimerInterrupt                 0x080028e1   Thumb Code    24  port.o(i.vPortSetupTimerInterrupt)
    vTaskDelay                               0x080028fd   Thumb Code    82  tasks.o(i.vTaskDelay)
    vTaskStartScheduler                      0x08002959   Thumb Code   108  tasks.o(i.vTaskStartScheduler)
    vTaskSuspendAll                          0x080029e1   Thumb Code    12  tasks.o(i.vTaskSuspendAll)
    vTaskSwitchContext                       0x080029f1   Thumb Code   118  tasks.o(i.vTaskSwitchContext)
    xPortStartScheduler                      0x08002a7d   Thumb Code   288  port.o(i.xPortStartScheduler)
    xTaskCreate                              0x08002bb9   Thumb Code    96  tasks.o(i.xTaskCreate)
    xTaskIncrementTick                       0x08002c21   Thumb Code   282  tasks.o(i.xTaskIncrementTick)
    xTaskResumeAll                           0x08002d69   Thumb Code   224  tasks.o(i.xTaskResumeAll)
    _fp_init                                 0x08002e6d   Thumb Code    10  fpinit.o(x$fpl$fpinit)
    __fplib_config_fpu_vfp                   0x08002e75   Thumb Code     0  fpinit.o(x$fpl$fpinit)
    __fplib_config_pureend_doubles           0x08002e75   Thumb Code     0  fpinit.o(x$fpl$fpinit)
    AHBPrescTable                            0x08002e78   Data          16  system_stm32l4xx.o(.constdata)
    APBPrescTable                            0x08002e88   Data           8  system_stm32l4xx.o(.constdata)
    MSIRangeTable                            0x08002e90   Data          48  system_stm32l4xx.o(.constdata)
    Region$$Table$$Base                      0x08002ec0   Number         0  anon$$obj.o(Region$$Table)
    Region$$Table$$Limit                     0x08002ee0   Number         0  anon$$obj.o(Region$$Table)
    SystemCoreClock                          0x2000000c   Data           4  system_stm32l4xx.o(.data)
    uwTick                                   0x20000010   Data           4  stm32l4xx_hal.o(.data)
    __stdout                                 0x20000014   Data           4  usart_1.o(.data)
    pxCurrentTCB                             0x20000018   Data           4  tasks.o(.data)
    TimHandle                                0x20000078   Data          64  stm32l4xx_hal_timebase_tim_template.o(.bss)
    __libspace_start                         0x20003e20   Data          96  libspace.o(.bss)
    __temporary_stack_top$libspace           0x20003e80   Data           0  libspace.o(.bss)



==============================================================================

Memory Map of the image

  Image Entry point : 0x0800018d

  Load Region LR_IROM1 (Base: 0x08000000, Size: 0x00002f58, Max: 0x00040000, ABSOLUTE)

    Execution Region ER_IROM1 (Base: 0x08000000, Size: 0x00002ee0, Max: 0x00040000, ABSOLUTE)

    Base Addr    Size         Type   Attr      Idx    E Section Name        Object

    0x08000000   0x0000018c   Data   RO          507    RESET               startup_stm32l431xx.o
    0x0800018c   0x00000008   Code   RO         9795  * !!!main             c_w.l(__main.o)
    0x08000194   0x00000034   Code   RO         9979    !!!scatter          c_w.l(__scatter.o)
    0x080001c8   0x0000001a   Code   RO         9981    !!handler_copy      c_w.l(__scatter_copy.o)
    0x080001e2   0x00000002   PAD
    0x080001e4   0x0000001c   Code   RO         9983    !!handler_zi        c_w.l(__scatter_zi.o)
    0x08000200   0x00000000   Code   RO         9788    .ARM.Collect$$_printf_percent$$00000000  c_w.l(_printf_percent.o)
    0x08000200   0x00000006   Code   RO         9787    .ARM.Collect$$_printf_percent$$00000009  c_w.l(_printf_d.o)
    0x08000206   0x00000004   Code   RO         9806    .ARM.Collect$$_printf_percent$$00000017  c_w.l(_printf_percent_end.o)
    0x0800020a   0x00000002   Code   RO         9851    .ARM.Collect$$libinit$$00000000  c_w.l(libinit.o)
    0x0800020c   0x00000004   Code   RO         9863    .ARM.Collect$$libinit$$00000001  c_w.l(libinit2.o)
    0x08000210   0x00000000   Code   RO         9866    .ARM.Collect$$libinit$$00000004  c_w.l(libinit2.o)
    0x08000210   0x00000000   Code   RO         9869    .ARM.Collect$$libinit$$0000000A  c_w.l(libinit2.o)
    0x08000210   0x00000000   Code   RO         9871    .ARM.Collect$$libinit$$0000000C  c_w.l(libinit2.o)
    0x08000210   0x00000000   Code   RO         9873    .ARM.Collect$$libinit$$0000000E  c_w.l(libinit2.o)
    0x08000210   0x00000000   Code   RO         9876    .ARM.Collect$$libinit$$00000011  c_w.l(libinit2.o)
    0x08000210   0x00000000   Code   RO         9878    .ARM.Collect$$libinit$$00000013  c_w.l(libinit2.o)
    0x08000210   0x00000000   Code   RO         9880    .ARM.Collect$$libinit$$00000015  c_w.l(libinit2.o)
    0x08000210   0x00000000   Code   RO         9882    .ARM.Collect$$libinit$$00000017  c_w.l(libinit2.o)
    0x08000210   0x00000000   Code   RO         9884    .ARM.Collect$$libinit$$00000019  c_w.l(libinit2.o)
    0x08000210   0x00000000   Code   RO         9886    .ARM.Collect$$libinit$$0000001B  c_w.l(libinit2.o)
    0x08000210   0x00000000   Code   RO         9888    .ARM.Collect$$libinit$$0000001D  c_w.l(libinit2.o)
    0x08000210   0x00000000   Code   RO         9890    .ARM.Collect$$libinit$$0000001F  c_w.l(libinit2.o)
    0x08000210   0x00000000   Code   RO         9892    .ARM.Collect$$libinit$$00000021  c_w.l(libinit2.o)
    0x08000210   0x00000000   Code   RO         9894    .ARM.Collect$$libinit$$00000023  c_w.l(libinit2.o)
    0x08000210   0x00000000   Code   RO         9896    .ARM.Collect$$libinit$$00000025  c_w.l(libinit2.o)
    0x08000210   0x00000000   Code   RO         9900    .ARM.Collect$$libinit$$0000002C  c_w.l(libinit2.o)
    0x08000210   0x00000000   Code   RO         9902    .ARM.Collect$$libinit$$0000002E  c_w.l(libinit2.o)
    0x08000210   0x00000000   Code   RO         9904    .ARM.Collect$$libinit$$00000030  c_w.l(libinit2.o)
    0x08000210   0x00000000   Code   RO         9906    .ARM.Collect$$libinit$$00000032  c_w.l(libinit2.o)
    0x08000210   0x00000002   Code   RO         9907    .ARM.Collect$$libinit$$00000033  c_w.l(libinit2.o)
    0x08000212   0x00000002   Code   RO         9933    .ARM.Collect$$libshutdown$$00000000  c_w.l(libshutdown.o)
    0x08000214   0x00000000   Code   RO         9962    .ARM.Collect$$libshutdown$$00000002  c_w.l(libshutdown2.o)
    0x08000214   0x00000000   Code   RO         9964    .ARM.Collect$$libshutdown$$00000004  c_w.l(libshutdown2.o)
    0x08000214   0x00000000   Code   RO         9967    .ARM.Collect$$libshutdown$$00000007  c_w.l(libshutdown2.o)
    0x08000214   0x00000000   Code   RO         9970    .ARM.Collect$$libshutdown$$0000000A  c_w.l(libshutdown2.o)
    0x08000214   0x00000000   Code   RO         9972    .ARM.Collect$$libshutdown$$0000000C  c_w.l(libshutdown2.o)
    0x08000214   0x00000000   Code   RO         9975    .ARM.Collect$$libshutdown$$0000000F  c_w.l(libshutdown2.o)
    0x08000214   0x00000002   Code   RO         9976    .ARM.Collect$$libshutdown$$00000010  c_w.l(libshutdown2.o)
    0x08000216   0x00000000   Code   RO         9797    .ARM.Collect$$rtentry$$00000000  c_w.l(__rtentry.o)
    0x08000216   0x00000000   Code   RO         9812    .ARM.Collect$$rtentry$$00000002  c_w.l(__rtentry2.o)
    0x08000216   0x00000006   Code   RO         9824    .ARM.Collect$$rtentry$$00000004  c_w.l(__rtentry4.o)
    0x0800021c   0x00000000   Code   RO         9814    .ARM.Collect$$rtentry$$00000009  c_w.l(__rtentry2.o)
    0x0800021c   0x00000004   Code   RO         9815    .ARM.Collect$$rtentry$$0000000A  c_w.l(__rtentry2.o)
    0x08000220   0x00000000   Code   RO         9817    .ARM.Collect$$rtentry$$0000000C  c_w.l(__rtentry2.o)
    0x08000220   0x00000008   Code   RO         9818    .ARM.Collect$$rtentry$$0000000D  c_w.l(__rtentry2.o)
    0x08000228   0x00000002   Code   RO         9855    .ARM.Collect$$rtexit$$00000000  c_w.l(rtexit.o)
    0x0800022a   0x00000000   Code   RO         9909    .ARM.Collect$$rtexit$$00000002  c_w.l(rtexit2.o)
    0x0800022a   0x00000004   Code   RO         9910    .ARM.Collect$$rtexit$$00000003  c_w.l(rtexit2.o)
    0x0800022e   0x00000006   Code   RO         9911    .ARM.Collect$$rtexit$$00000004  c_w.l(rtexit2.o)
    0x08000234   0x000000d6   Code   RO         9617    .emb_text           port.o
    0x0800030a   0x00000002   PAD
    0x0800030c   0x00000040   Code   RO          508    .text               startup_stm32l431xx.o
    0x0800034c   0x000000ee   Code   RO         9757    .text               c_w.l(lludivv7m.o)
    0x0800043a   0x00000002   PAD
    0x0800043c   0x00000018   Code   RO         9761    .text               c_w.l(noretval__2printf.o)
    0x08000454   0x00000068   Code   RO         9763    .text               c_w.l(__printf.o)
    0x080004bc   0x00000078   Code   RO         9765    .text               c_w.l(_printf_dec.o)
    0x08000534   0x00000010   Code   RO         9791    .text               c_w.l(aeabi_memset.o)
    0x08000544   0x00000006   Code   RO         9793    .text               c_w.l(heapauxi.o)
    0x0800054a   0x000000b2   Code   RO         9802    .text               c_w.l(_printf_intcommon.o)
    0x080005fc   0x00000024   Code   RO         9804    .text               c_w.l(_printf_char_file.o)
    0x08000620   0x00000044   Code   RO         9809    .text               c_w.l(rt_memclr.o)
    0x08000664   0x00000030   Code   RO         9828    .text               c_w.l(_printf_char_common.o)
    0x08000694   0x00000008   Code   RO         9830    .text               c_w.l(ferror.o)
    0x0800069c   0x0000004e   Code   RO         9834    .text               c_w.l(rt_memclr_w.o)
    0x080006ea   0x0000004a   Code   RO         9836    .text               c_w.l(sys_stackheap_outer.o)
    0x08000734   0x00000012   Code   RO         9840    .text               c_w.l(exit.o)
    0x08000746   0x00000002   PAD
    0x08000748   0x00000008   Code   RO         9852    .text               c_w.l(libspace.o)
    0x08000750   0x00000004   Code   RO          326    i.BusFault_Handler  stm32l4xx_it.o
    0x08000754   0x00000002   Code   RO          327    i.DebugMon_Handler  stm32l4xx_it.o
    0x08000756   0x00000002   PAD
    0x08000758   0x000001c8   Code   RO         2579    i.HAL_GPIO_Init     stm32l4xx_hal_gpio.o
    0x08000920   0x0000000c   Code   RO          526    i.HAL_GetTick       stm32l4xx_hal.o
    0x0800092c   0x00000010   Code   RO          530    i.HAL_IncTick       stm32l4xx_hal.o
    0x0800093c   0x0000001e   Code   RO          531    i.HAL_Init          stm32l4xx_hal.o
    0x0800095a   0x00000002   PAD
    0x0800095c   0x00000094   Code   RO         7686    i.HAL_InitTick      stm32l4xx_hal_timebase_tim_template.o
    0x080009f0   0x00000002   Code   RO          297    i.HAL_MspInit       stm32l4xx_hal_msp.o
    0x080009f2   0x0000001a   Code   RO         1535    i.HAL_NVIC_EnableIRQ  stm32l4xx_hal_cortex.o
    0x08000a0c   0x00000082   Code   RO         1541    i.HAL_NVIC_SetPriority  stm32l4xx_hal_cortex.o
    0x08000a8e   0x00000002   PAD
    0x08000a90   0x00000028   Code   RO         1542    i.HAL_NVIC_SetPriorityGrouping  stm32l4xx_hal_cortex.o
    0x08000ab8   0x00000010   Code   RO         4167    i.HAL_PWREx_GetVoltageRange  stm32l4xx_hal_pwr_ex.o
    0x08000ac8   0x00000178   Code   RO         4592    i.HAL_RCC_ClockConfig  stm32l4xx_hal_rcc.o
    0x08000c40   0x00000044   Code   RO         4595    i.HAL_RCC_GetClockConfig  stm32l4xx_hal_rcc.o
    0x08000c84   0x0000000c   Code   RO         4596    i.HAL_RCC_GetHCLKFreq  stm32l4xx_hal_rcc.o
    0x08000c90   0x00000024   Code   RO         4598    i.HAL_RCC_GetPCLK1Freq  stm32l4xx_hal_rcc.o
    0x08000cb4   0x00000024   Code   RO         4599    i.HAL_RCC_GetPCLK2Freq  stm32l4xx_hal_rcc.o
    0x08000cd8   0x0000011c   Code   RO         4600    i.HAL_RCC_GetSysClockFreq  stm32l4xx_hal_rcc.o
    0x08000df4   0x00000688   Code   RO         4603    i.HAL_RCC_OscConfig  stm32l4xx_hal_rcc.o
    0x0800147c   0x00000002   Code   RO         7429    i.HAL_TIMEx_Break2Callback  stm32l4xx_hal_tim_ex.o
    0x0800147e   0x00000002   Code   RO         7430    i.HAL_TIMEx_BreakCallback  stm32l4xx_hal_tim_ex.o
    0x08001480   0x00000002   Code   RO         7431    i.HAL_TIMEx_CommutationCallback  stm32l4xx_hal_tim_ex.o
    0x08001482   0x00000034   Code   RO         6779    i.HAL_TIM_Base_Init  stm32l4xx_hal_tim.o
    0x080014b6   0x00000002   Code   RO         6781    i.HAL_TIM_Base_MspInit  stm32l4xx_hal_tim.o
    0x080014b8   0x00000044   Code   RO         6784    i.HAL_TIM_Base_Start_IT  stm32l4xx_hal_tim.o
    0x080014fc   0x00000002   Code   RO         6808    i.HAL_TIM_IC_CaptureCallback  stm32l4xx_hal_tim.o
    0x080014fe   0x000001b8   Code   RO         6821    i.HAL_TIM_IRQHandler  stm32l4xx_hal_tim.o
    0x080016b6   0x00000002   Code   RO         6824    i.HAL_TIM_OC_DelayElapsedCallback  stm32l4xx_hal_tim.o
    0x080016b8   0x00000002   Code   RO         6851    i.HAL_TIM_PWM_PulseFinishedCallback  stm32l4xx_hal_tim.o
    0x080016ba   0x0000000a   Code   RO         7689    i.HAL_TIM_PeriodElapsedCallback  stm32l4xx_hal_timebase_tim_template.o
    0x080016c4   0x00000002   Code   RO         6862    i.HAL_TIM_TriggerCallback  stm32l4xx_hal_tim.o
    0x080016c6   0x00000078   Code   RO         7888    i.HAL_UART_Init     stm32l4xx_hal_uart.o
    0x0800173e   0x00000002   PAD
    0x08001740   0x0000007c   Code   RO         8864    i.HAL_UART_MspInit  usart_1.o
    0x080017bc   0x00000004   Code   RO          328    i.HardFault_Handler  stm32l4xx_it.o
    0x080017c0   0x00000004   Code   RO          329    i.MemManage_Handler  stm32l4xx_it.o
    0x080017c4   0x00000002   Code   RO          330    i.NMI_Handler       stm32l4xx_it.o
    0x080017c6   0x00000002   PAD
    0x080017c8   0x00000010   Code   RO         1548    i.NVIC_GetPriorityGrouping  stm32l4xx_hal_cortex.o
    0x080017d8   0x00000028   Code   RO         1549    i.NVIC_SetPriority  stm32l4xx_hal_cortex.o
    0x08001800   0x0000009c   Code   RO         4604    i.RCC_SetFlashLatencyFromMSIRange  stm32l4xx_hal_rcc.o
    0x0800189c   0x00000034   Code   RO         9618    i.SysTick_Handler   port.o
    0x080018d0   0x0000005c   Code   RO            4    i.SystemClock_Config  main.o
    0x0800192c   0x00000050   Code   RO          384    i.SystemInit        system_stm32l4xx.o
    0x0800197c   0x00000010   Code   RO         7690    i.TIM6_DAC_IRQHandler  stm32l4xx_hal_timebase_tim_template.o
    0x0800198c   0x00000074   Code   RO         6863    i.TIM_Base_SetConfig  stm32l4xx_hal_tim.o
    0x08001a00   0x00000034   Code   RO            5    i.TaskFunc1         main.o
    0x08001a34   0x00000034   Code   RO            6    i.TaskFunc2         main.o
    0x08001a68   0x00000034   Code   RO            7    i.TaskFunc3         main.o
    0x08001a9c   0x000000f8   Code   RO         7901    i.UART_AdvFeatureConfig  stm32l4xx_hal_uart.o
    0x08001b94   0x00000074   Code   RO         7902    i.UART_CheckIdleState  stm32l4xx_hal_uart.o
    0x08001c08   0x00000412   Code   RO         7918    i.UART_SetConfig    stm32l4xx_hal_uart.o
    0x0800201a   0x0000006c   Code   RO         7921    i.UART_WaitOnFlagUntilTimeout  stm32l4xx_hal_uart.o
    0x08002086   0x00000004   Code   RO          331    i.UsageFault_Handler  stm32l4xx_it.o
    0x0800208a   0x00000004   Code   RO         8865    i._sys_exit         usart_1.o
    0x0800208e   0x00000002   PAD
    0x08002090   0x00000020   Code   RO         8866    i.fputc             usart_1.o
    0x080020b0   0x00000078   Code   RO            8    i.main              main.o
    0x08002128   0x00000098   Code   RO         9287    i.prvAddCurrentTaskToDelayedList  tasks.o
    0x080021c0   0x000000b8   Code   RO         9288    i.prvAddNewTaskToReadyList  tasks.o
    0x08002278   0x00000064   Code   RO         9289    i.prvCheckTasksWaitingTermination  tasks.o
    0x080022dc   0x00000012   Code   RO         9290    i.prvDeleteTCB      tasks.o
    0x080022ee   0x00000002   PAD
    0x080022f0   0x0000007c   Code   RO         9694    i.prvHeapInit       heap_4.o
    0x0800236c   0x00000028   Code   RO         9291    i.prvIdleTask       tasks.o
    0x08002394   0x000000ba   Code   RO         9292    i.prvInitialiseNewTask  tasks.o
    0x0800244e   0x00000002   PAD
    0x08002450   0x00000068   Code   RO         9293    i.prvInitialiseTaskLists  tasks.o
    0x080024b8   0x00000068   Code   RO         9695    i.prvInsertBlockIntoFreeList  heap_4.o
    0x08002520   0x00000034   Code   RO         9295    i.prvResetNextTaskUnblockTime  tasks.o
    0x08002554   0x00000040   Code   RO         9619    i.prvTaskExitError  port.o
    0x08002594   0x0000013c   Code   RO         9696    i.pvPortMalloc      heap_4.o
    0x080026d0   0x0000002c   Code   RO         9620    i.pxPortInitialiseStack  port.o
    0x080026fc   0x0000002c   Code   RO         8867    i.usart1_init       usart_1.o
    0x08002728   0x00000028   Code   RO         9055    i.uxListRemove      list.o
    0x08002750   0x0000001a   Code   RO         9056    i.vListInitialise   list.o
    0x0800276a   0x00000006   Code   RO         9057    i.vListInitialiseItem  list.o
    0x08002770   0x00000034   Code   RO         9058    i.vListInsert       list.o
    0x080027a4   0x00000018   Code   RO         9059    i.vListInsertEnd    list.o
    0x080027bc   0x00000054   Code   RO         9622    i.vPortEnterCritical  port.o
    0x08002810   0x0000003c   Code   RO         9623    i.vPortExitCritical  port.o
    0x0800284c   0x00000094   Code   RO         9697    i.vPortFree         heap_4.o
    0x080028e0   0x0000001c   Code   RO         9624    i.vPortSetupTimerInterrupt  port.o
    0x080028fc   0x0000005c   Code   RO         9306    i.vTaskDelay        tasks.o
    0x08002958   0x00000088   Code   RO         9319    i.vTaskStartScheduler  tasks.o
    0x080029e0   0x00000010   Code   RO         9321    i.vTaskSuspendAll   tasks.o
    0x080029f0   0x0000008c   Code   RO         9322    i.vTaskSwitchContext  tasks.o
    0x08002a7c   0x0000013c   Code   RO         9626    i.xPortStartScheduler  port.o
    0x08002bb8   0x00000066   Code   RO         9324    i.xTaskCreate       tasks.o
    0x08002c1e   0x00000002   PAD
    0x08002c20   0x00000148   Code   RO         9331    i.xTaskIncrementTick  tasks.o
    0x08002d68   0x00000104   Code   RO         9337    i.xTaskResumeAll    tasks.o
    0x08002e6c   0x0000000a   Code   RO         9921    x$fpl$fpinit        fz_wm.l(fpinit.o)
    0x08002e76   0x00000002   PAD
    0x08002e78   0x00000048   Data   RO          385    .constdata          system_stm32l4xx.o
    0x08002ec0   0x00000020   Data   RO         9977    Region$$Table       anon$$obj.o


    Execution Region RW_IRAM1 (Base: 0x20000000, Size: 0x00004480, Max: 0x0000c000, ABSOLUTE)

    Base Addr    Size         Type   Attr      Idx    E Section Name        Object

    0x20000000   0x0000000c   Data   RW            9    .data               main.o
    0x2000000c   0x00000004   Data   RW          386    .data               system_stm32l4xx.o
    0x20000010   0x00000004   Data   RW          547    .data               stm32l4xx_hal.o
    0x20000014   0x00000004   Data   RW         8869    .data               usart_1.o
    0x20000018   0x0000003c   Data   RW         9340    .data               tasks.o
    0x20000054   0x0000000c   Data   RW         9627    .data               port.o
    0x20000060   0x00000018   Data   RW         9702    .data               heap_4.o
    0x20000078   0x00000040   Zero   RW         7691    .bss                stm32l4xx_hal_timebase_tim_template.o
    0x200000b8   0x00000078   Zero   RW         8868    .bss                usart_1.o
    0x20000130   0x000000f0   Zero   RW         9339    .bss                tasks.o
    0x20000220   0x00003c00   Zero   RW         9701    .bss                heap_4.o
    0x20003e20   0x00000060   Zero   RW         9853    .bss                c_w.l(libspace.o)
    0x20003e80   0x00000200   Zero   RW          506    HEAP                startup_stm32l431xx.o
    0x20004080   0x00000400   Zero   RW          505    STACK               startup_stm32l431xx.o


==============================================================================

Image component sizes


      Code (inc. data)   RO Data    RW Data    ZI Data      Debug   Object Name

         0          0          0          0          0       9312   event_groups.o
       692         62          0         24      15360       6711   heap_4.o
       148          0          0          0          0       3022   list.o
       368         86          0         12          0     660759   main.o
       862         76          0         12          0      10208   port.o
        64         26        396          0       1536        804   startup_stm32l431xx.o
        58         10          0          4          0       2540   stm32l4xx_hal.o
       252         22          0          0          0      29694   stm32l4xx_hal_cortex.o
       456         28          0          0          0       1476   stm32l4xx_hal_gpio.o
         2          0          0          0          0        418   stm32l4xx_hal_msp.o
        16          6          0          0          0        512   stm32l4xx_hal_pwr_ex.o
      2640        108          0          0          0       7341   stm32l4xx_hal_rcc.o
       686         18          0          0          0       5610   stm32l4xx_hal_tim.o
         6          0          0          0          0       1865   stm32l4xx_hal_tim_ex.o
       174         22          0          0         64       2597   stm32l4xx_hal_timebase_tim_template.o
      1634         36          0          0          0       4513   stm32l4xx_hal_uart.o
        20          0          0          0          0       2521   stm32l4xx_it.o
        80         12         72          4          0       1065   system_stm32l4xx.o
      1910        268          0         60        240      14181   tasks.o
       204         28          0          4        120       3791   usart_1.o

    ----------------------------------------------------------------------
     10292        808        500        120      17320     768940   Object Totals
         0          0         32          0          0          0   (incl. Generated)
        20          0          0          0          0          0   (incl. Padding)

    ----------------------------------------------------------------------

      Code (inc. data)   RO Data    RW Data    ZI Data      Debug   Library Member Name

         8          0          0          0          0         68   __main.o
       104          0          0          0          0         84   __printf.o
         0          0          0          0          0          0   __rtentry.o
        12          0          0          0          0          0   __rtentry2.o
         6          0          0          0          0          0   __rtentry4.o
        52          8          0          0          0          0   __scatter.o
        26          0          0          0          0          0   __scatter_copy.o
        28          0          0          0          0          0   __scatter_zi.o
        48          6          0          0          0         96   _printf_char_common.o
        36          4          0          0          0         80   _printf_char_file.o
         6          0          0          0          0          0   _printf_d.o
       120         16          0          0          0         92   _printf_dec.o
       178          0          0          0          0         88   _printf_intcommon.o
         0          0          0          0          0          0   _printf_percent.o
         4          0          0          0          0          0   _printf_percent_end.o
        16          0          0          0          0         68   aeabi_memset.o
        18          0          0          0          0         80   exit.o
         8          0          0          0          0         68   ferror.o
         6          0          0          0          0        152   heapauxi.o
         2          0          0          0          0          0   libinit.o
         6          0          0          0          0          0   libinit2.o
         2          0          0          0          0          0   libshutdown.o
         2          0          0          0          0          0   libshutdown2.o
         8          4          0          0         96         68   libspace.o
       238          0          0          0          0        100   lludivv7m.o
        24          4          0          0          0         84   noretval__2printf.o
        68          0          0          0          0         68   rt_memclr.o
        78          0          0          0          0         80   rt_memclr_w.o
         2          0          0          0          0          0   rtexit.o
        10          0          0          0          0          0   rtexit2.o
        74          0          0          0          0         80   sys_stackheap_outer.o
        10          0          0          0          0        116   fpinit.o

    ----------------------------------------------------------------------
      1208         42          0          0         96       1472   Library Totals
         8          0          0          0          0          0   (incl. Padding)

    ----------------------------------------------------------------------

      Code (inc. data)   RO Data    RW Data    ZI Data      Debug   Library Name

      1190         42          0          0         96       1356   c_w.l
        10          0          0          0          0        116   fz_wm.l

    ----------------------------------------------------------------------
      1208         42          0          0         96       1472   Library Totals

    ----------------------------------------------------------------------

==============================================================================


      Code (inc. data)   RO Data    RW Data    ZI Data      Debug   

     11500        850        500        120      17416     761688   Grand Totals
     11500        850        500        120      17416     761688   ELF Image Totals
     11500        850        500        120          0          0   ROM Totals

==============================================================================

    Total RO  Size (Code + RO Data)                12000 (  11.72kB)
    Total RW  Size (RW Data + ZI Data)             17536 (  17.13kB)
    Total ROM Size (Code + RO Data + RW Data)      12120 (  11.84kB)

==============================================================================

